SensorTile.box_sd.c:50:9:BSP_SD_Init	48	static
SensorTile.box_sd.c:94:9:BSP_SD_ITConfig	48	static
SensorTile.box_sd.c:129:13:BSP_SD_DetectCallback	0	static
SensorTile.box_sd.c:120:6:BSP_SD_DetectIT	8	static
SensorTile.box_sd.c:145:9:BSP_SD_ReadBlocks	24	static
SensorTile.box_sd.c:165:9:BSP_SD_WriteBlocks	24	static
SensorTile.box_sd.c:184:9:BSP_SD_ReadBlocks_DMA	8	static
SensorTile.box_sd.c:204:9:BSP_SD_WriteBlocks_DMA	8	static
SensorTile.box_sd.c:223:9:BSP_SD_Erase	8	static
SensorTile.box_sd.c:240:6:HAL_SD_MspInit	64	static
SensorTile.box_sd.c:301:6:HAL_SD_MspDeInit	8	static
SensorTile.box_sd.c:327:6:BSP_SD_IRQHandler	0	static
SensorTile.box_sd.c:340:9:BSP_SD_GetCardState	8	static
SensorTile.box_sd.c:350:6:BSP_SD_GetCardInfo	0	static
SensorTile.box_sd.c:391:6:HAL_SDEx_DriveTransceiver_1_8V_Callback	0	static
SensorTile.box_sd.c:404:13:BSP_SD_AbortCallback	0	static
SensorTile.box_sd.c:361:6:HAL_SD_AbortCallback	8	static
SensorTile.box_sd.c:413:13:BSP_SD_WriteCpltCallback	0	static
SensorTile.box_sd.c:371:6:HAL_SD_TxCpltCallback	8	static
SensorTile.box_sd.c:422:13:BSP_SD_ReadCpltCallback	0	static
SensorTile.box_sd.c:381:6:HAL_SD_RxCpltCallback	8	static
SensorTile.box_sd.c:431:9:BSP_SD_IsDetected	8	static
