SensorTile.box_motion_sensors_ex.c:49:9:BSP_MOTION_SENSOR_Enable_DRDY_Interrupt	8	static
SensorTile.box_motion_sensors_ex.c:128:9:BSP_MOTION_SENSOR_Disable_DRDY_Interrupt	0	static
SensorTile.box_motion_sensors_ex.c:183:9:BSP_MOTION_SENSOR_Set_PowerMode	16	static
SensorTile.box_motion_sensors_ex.c:253:9:BSP_MOTION_SENSOR_Set_FilterMode	16	static
SensorTile.box_motion_sensors_ex.c:332:9:BSP_MOTION_SENSOR_Enable_Pedometer	8	static
SensorTile.box_motion_sensors_ex.c:365:9:BSP_MOTION_SENSOR_Disable_Pedometer	8	static
SensorTile.box_motion_sensors_ex.c:398:9:BSP_MOTION_SENSOR_Get_Step_Count	8	static
SensorTile.box_motion_sensors_ex.c:430:9:BSP_MOTION_SENSOR_Step_Counter_Reset	8	static
SensorTile.box_motion_sensors_ex.c:472:9:BSP_MOTION_SENSOR_Enable_Wake_Up_Detection	8	static
SensorTile.box_motion_sensors_ex.c:517:9:BSP_MOTION_SENSOR_Disable_Wake_Up_Detection	8	static
SensorTile.box_motion_sensors_ex.c:563:9:BSP_MOTION_SENSOR_Set_Wake_Up_Threshold	8	static
SensorTile.box_motion_sensors_ex.c:609:9:BSP_MOTION_SENSOR_Set_Wake_Up_Duration	8	static
SensorTile.box_motion_sensors_ex.c:656:9:BSP_MOTION_SENSOR_Enable_Inactivity_Detection	8	static
SensorTile.box_motion_sensors_ex.c:701:9:BSP_MOTION_SENSOR_Disable_Inactivity_Detection	8	static
SensorTile.box_motion_sensors_ex.c:747:9:BSP_MOTION_SENSOR_Set_Sleep_Duration	8	static
SensorTile.box_motion_sensors_ex.c:794:9:BSP_MOTION_SENSOR_Enable_6D_Orientation	8	static
SensorTile.box_motion_sensors_ex.c:839:9:BSP_MOTION_SENSOR_Disable_6D_Orientation	8	static
SensorTile.box_motion_sensors_ex.c:885:9:BSP_MOTION_SENSOR_Set_6D_Orientation_Threshold	8	static
SensorTile.box_motion_sensors_ex.c:931:9:BSP_MOTION_SENSOR_Get_6D_Orientation_XL	8	static
SensorTile.box_motion_sensors_ex.c:977:9:BSP_MOTION_SENSOR_Get_6D_Orientation_XH	8	static
SensorTile.box_motion_sensors_ex.c:1023:9:BSP_MOTION_SENSOR_Get_6D_Orientation_YL	8	static
SensorTile.box_motion_sensors_ex.c:1069:9:BSP_MOTION_SENSOR_Get_6D_Orientation_YH	8	static
SensorTile.box_motion_sensors_ex.c:1115:9:BSP_MOTION_SENSOR_Get_6D_Orientation_ZL	8	static
SensorTile.box_motion_sensors_ex.c:1161:9:BSP_MOTION_SENSOR_Get_6D_Orientation_ZH	8	static
SensorTile.box_motion_sensors_ex.c:1207:9:BSP_MOTION_SENSOR_Get_Event_Status	8	static
SensorTile.box_motion_sensors_ex.c:1256:9:BSP_MOTION_SENSOR_Get_DRDY_Status	8	static
SensorTile.box_motion_sensors_ex.c:1368:9:BSP_MOTION_SENSOR_Read_Register	8	static
SensorTile.box_motion_sensors_ex.c:1441:9:BSP_MOTION_SENSOR_Write_Register	8	static
SensorTile.box_motion_sensors_ex.c:1513:9:BSP_MOTION_SENSOR_FIFO_Get_Num_Samples	8	static
SensorTile.box_motion_sensors_ex.c:1573:9:BSP_MOTION_SENSOR_FIFO_Set_Mode	8	static
SensorTile.box_motion_sensors_ex.c:1634:9:BSP_MOTION_SENSOR_Enable_Free_Fall_Detection	8	static
SensorTile.box_motion_sensors_ex.c:1678:9:BSP_MOTION_SENSOR_Disable_Free_Fall_Detection	8	static
SensorTile.box_motion_sensors_ex.c:1723:9:BSP_MOTION_SENSOR_Set_Free_Fall_Threshold	8	static
SensorTile.box_motion_sensors_ex.c:1768:9:BSP_MOTION_SENSOR_Set_Free_Fall_Duration	8	static
SensorTile.box_motion_sensors_ex.c:1814:9:BSP_MOTION_SENSOR_Enable_Tilt_Detection	8	static
SensorTile.box_motion_sensors_ex.c:1858:9:BSP_MOTION_SENSOR_Disable_Tilt_Detection	8	static
SensorTile.box_motion_sensors_ex.c:1904:9:BSP_MOTION_SENSOR_Enable_Single_Tap_Detection	8	static
SensorTile.box_motion_sensors_ex.c:1948:9:BSP_MOTION_SENSOR_Disable_Single_Tap_Detection	8	static
SensorTile.box_motion_sensors_ex.c:1994:9:BSP_MOTION_SENSOR_Enable_Double_Tap_Detection	8	static
SensorTile.box_motion_sensors_ex.c:2038:9:BSP_MOTION_SENSOR_Disable_Double_Tap_Detection	8	static
SensorTile.box_motion_sensors_ex.c:2083:9:BSP_MOTION_SENSOR_Set_Tap_Threshold	8	static
SensorTile.box_motion_sensors_ex.c:2128:9:BSP_MOTION_SENSOR_Set_Tap_Shock_Time	8	static
SensorTile.box_motion_sensors_ex.c:2173:9:BSP_MOTION_SENSOR_Set_Tap_Quiet_Time	8	static
SensorTile.box_motion_sensors_ex.c:2218:9:BSP_MOTION_SENSOR_Set_Tap_Duration_Time	8	static
SensorTile.box_motion_sensors_ex.c:2264:9:BSP_MOTION_SENSOR_Set_DRDY_Mode	8	static
SensorTile.box_motion_sensors_ex.c:2309:9:BSP_MOTION_SENSOR_Set_Pin_INT1_Route	16	static
