ab_sensor_hub.c:1153:6:MotionFX_Update_Data	80	static
ab_sensor_hub.c:275:6:Sensor_Hub_Init	40	static
ab_sensor_hub.c:526:6:Sensor_Hub_Handler	24	static
ab_sensor_hub.c:852:6:Accelero_Init	0	static
ab_sensor_hub.c:860:6:Gyro_Init	0	static
ab_sensor_hub.c:868:6:Magneto_Init	0	static
ab_sensor_hub.c:876:6:Pressure_Init	0	static
ab_sensor_hub.c:884:6:Temperature_Init	0	static
ab_sensor_hub.c:892:6:Humidity_Init	0	static
ab_sensor_hub.c:900:6:Algo_16Hz_Handler	0	static
ab_sensor_hub.c:914:6:Algo_25Hz_Handler	24	static
ab_sensor_hub.c:927:6:Algo_50Hz_Handler	0	static
ab_sensor_hub.c:946:6:Algo_100Hz_Handler	0	static
ab_sensor_hub.c:1101:6:MotionFX_Init	80	static
ab_sensor_hub.c:1398:6:MotionTL_Init	24	static
ab_sensor_hub.c:1450:6:Accelero_Sensor_GetData	0	static
ab_sensor_hub.c:1461:6:Gyro_Sensor_GetData	0	static
ab_sensor_hub.c:1473:6:Magneto_Sensor_GetData	0	static
ab_sensor_hub.c:1485:6:Pressure_Sensor_GetData	0	static
ab_sensor_hub.c:1495:6:Temperature_Sensor_GetData	0	static
ab_sensor_hub.c:1505:6:Humidity_Sensor_GetData	0	static
ab_sensor_hub.c:1614:6:Quaternions9X_GetData	0	static
ab_sensor_hub.c:1626:6:Rotation9X_GetData	0	static
ab_sensor_hub.c:1637:6:Gravity9X_GetData	0	static
ab_sensor_hub.c:1648:6:LinearAcceleration9X_GetData	0	static
ab_sensor_hub.c:1659:6:Heading9X_GetData	0	static
ab_sensor_hub.c:1670:6:MagnetoCal_GetData	0	static
ab_sensor_hub.c:1681:6:MagnetoCal_GetCalData	0	static
ab_sensor_hub.c:1791:6:TiltSensing_GetData	0	static
ab_sensor_hub.c:1803:6:TeslaToGauss	0	static
ab_sensor_hub.c:1813:6:GetIterationCounter	0	static
ab_sensor_hub.c:1822:6:FSM_MLC_Init	32	static
ab_sensor_hub.c:1899:6:FSM_MLC_Check_ODR_FS_Change	40	static
ab_sensor_hub.c:1944:6:FSM_MLC_GetData	8	static
ab_sensor_hub.c:2149:6:MotionFX_LoadMagCalFromNVM	0	static
ab_sensor_hub.c:2160:6:MotionFX_SaveMagCalInNVM	0	static
