stm32l4xx_hal_sd.c:3827:17:SD_FindSCR	56	static
stm32l4xx_hal_sd.c:4132:17:SD_UltraHighSpeed	120	static
stm32l4xx_hal_sd.c:622:13:HAL_SD_MspInit	0	static
stm32l4xx_hal_sd.c:637:13:HAL_SD_MspDeInit	0	static
stm32l4xx_hal_sd.c:565:19:HAL_SD_DeInit	8	static
stm32l4xx_hal_sd.c:678:19:HAL_SD_ReadBlocks	64	static
stm32l4xx_hal_sd.c:901:19:HAL_SD_WriteBlocks	72	static
stm32l4xx_hal_sd.c:1095:19:HAL_SD_ReadBlocks_IT	48	static
stm32l4xx_hal_sd.c:1194:19:HAL_SD_WriteBlocks_IT	48	static
stm32l4xx_hal_sd.c:1302:19:HAL_SD_ReadBlocks_DMA	56	static
stm32l4xx_hal_sd.c:1433:19:HAL_SD_WriteBlocks_DMA	56	static
stm32l4xx_hal_sd.c:1571:19:HAL_SD_Erase	24	static
stm32l4xx_hal_sd.c:1982:21:HAL_SD_GetState	0	static
stm32l4xx_hal_sd.c:1993:10:HAL_SD_GetError	0	static
stm32l4xx_hal_sd.c:2003:13:HAL_SD_TxCpltCallback	0	static
stm32l4xx_hal_sd.c:2018:13:HAL_SD_RxCpltCallback	0	static
stm32l4xx_hal_sd.c:2033:13:HAL_SD_ErrorCallback	0	static
stm32l4xx_hal_sd.c:1673:6:HAL_SD_IRQHandler	32	static
stm32l4xx_hal_sd.c:2048:13:HAL_SD_AbortCallback	0	static
stm32l4xx_hal_sd.c:2365:19:HAL_SD_GetCardCID	8	static
stm32l4xx_hal_sd.c:2398:19:HAL_SD_GetCardCSD	16	static
stm32l4xx_hal_sd.c:480:19:HAL_SD_InitCard	120	static
stm32l4xx_hal_sd.c:2512:19:HAL_SD_GetCardStatus	112	static
stm32l4xx_hal_sd.c:2578:19:HAL_SD_GetCardInfo	16	static
stm32l4xx_hal_sd.c:2603:19:HAL_SD_ConfigWideBusOperation	56	static
stm32l4xx_hal_sd.c:354:19:HAL_SD_Init	48	static
stm32l4xx_hal_sd.c:2927:25:HAL_SD_GetCardState	8	static
stm32l4xx_hal_sd.c:2950:19:HAL_SD_Abort	16	static
stm32l4xx_hal_sd.c:3021:19:HAL_SD_Abort_IT	16	static
stm32l4xx_hal_sd.c:4019:10:SD_HighSpeed	120	static
stm32l4xx_hal_sd.c:2719:19:HAL_SD_ConfigSpeedBusOperation	120	static
