stm32l4xx_ll_sdmmc.c:220:19:SDMMC_Init	8	static
stm32l4xx_ll_sdmmc.c:277:10:SDMMC_ReadFIFO	0	static
stm32l4xx_ll_sdmmc.c:289:19:SDMMC_WriteFIFO	0	static
stm32l4xx_ll_sdmmc.c:321:19:SDMMC_PowerState_ON	8	static
stm32l4xx_ll_sdmmc.c:343:19:SDMMC_PowerState_Cycle	0	static
stm32l4xx_ll_sdmmc.c:357:19:SDMMC_PowerState_OFF	0	static
stm32l4xx_ll_sdmmc.c:378:10:SDMMC_GetPowerState	0	static
stm32l4xx_ll_sdmmc.c:391:19:SDMMC_SendCommand	12	static
stm32l4xx_ll_sdmmc.c:421:9:SDMMC_GetCommandResponse	0	static
stm32l4xx_ll_sdmmc.c:438:10:SDMMC_GetResponse	0	static
stm32l4xx_ll_sdmmc.c:459:19:SDMMC_ConfigData	8	static
stm32l4xx_ll_sdmmc.c:494:10:SDMMC_GetDataCounter	0	static
stm32l4xx_ll_sdmmc.c:504:10:SDMMC_GetFIFOCount	0	static
stm32l4xx_ll_sdmmc.c:518:19:SDMMC_SetSDMMCReadWaitMode	0	static
stm32l4xx_ll_sdmmc.c:553:10:SDMMC_CmdBlockLength	4	static
stm32l4xx_ll_sdmmc.c:577:10:SDMMC_CmdReadSingleBlock	4	static
stm32l4xx_ll_sdmmc.c:601:10:SDMMC_CmdReadMultiBlock	4	static
stm32l4xx_ll_sdmmc.c:625:10:SDMMC_CmdWriteSingleBlock	4	static
stm32l4xx_ll_sdmmc.c:649:10:SDMMC_CmdWriteMultiBlock	4	static
stm32l4xx_ll_sdmmc.c:673:10:SDMMC_CmdSDEraseStartAdd	4	static
stm32l4xx_ll_sdmmc.c:697:10:SDMMC_CmdSDEraseEndAdd	4	static
stm32l4xx_ll_sdmmc.c:721:10:SDMMC_CmdEraseStartAdd	4	static
stm32l4xx_ll_sdmmc.c:745:10:SDMMC_CmdEraseEndAdd	4	static
stm32l4xx_ll_sdmmc.c:769:10:SDMMC_CmdErase	4	static
stm32l4xx_ll_sdmmc.c:793:10:SDMMC_CmdStopTransfer	8	static
stm32l4xx_ll_sdmmc.c:828:10:SDMMC_CmdSelDesel	4	static
stm32l4xx_ll_sdmmc.c:852:10:SDMMC_CmdGoIdleState	4	static
stm32l4xx_ll_sdmmc.c:875:10:SDMMC_CmdOperCond	4	static
stm32l4xx_ll_sdmmc.c:906:10:SDMMC_CmdAppCommand	4	static
stm32l4xx_ll_sdmmc.c:934:10:SDMMC_CmdAppOperCommand	4	static
stm32l4xx_ll_sdmmc.c:962:10:SDMMC_CmdBusWidth	4	static
stm32l4xx_ll_sdmmc.c:985:10:SDMMC_CmdSendSCR	4	static
stm32l4xx_ll_sdmmc.c:1009:10:SDMMC_CmdSendCID	4	static
stm32l4xx_ll_sdmmc.c:1034:10:SDMMC_CmdSendCSD	4	static
stm32l4xx_ll_sdmmc.c:1059:10:SDMMC_CmdSetRelAdd	8	static
stm32l4xx_ll_sdmmc.c:1084:10:SDMMC_CmdSendStatus	4	static
stm32l4xx_ll_sdmmc.c:1107:10:SDMMC_CmdStatusRegister	4	static
stm32l4xx_ll_sdmmc.c:1132:10:SDMMC_CmdOpCondition	4	static
stm32l4xx_ll_sdmmc.c:1156:10:SDMMC_CmdSwitch	4	static
stm32l4xx_ll_sdmmc.c:1183:10:SDMMC_CmdVoltageSwitch	4	static
stm32l4xx_ll_sdmmc.c:1208:10:SDMMC_CmdSendEXTCSD	4	static
