Archive member included to satisfy reference by file (symbol)

../../../../../Middlewares/ST/STM32_MotionFX_Library/Lib\MotionFX_CM4F_wc32_ot.a(motion_fx.o)
                              Example/AlgoBuilder/ab_sensor_hub.o (MotionFX_initialize)
../../../../../Middlewares/ST/STM32_MotionTL_Library/Lib\MotionTL_CM4F_wc32_ot.a(motion_tl.o)
                              Example/AlgoBuilder/ab_sensor_hub.o (MotionTL_Initialize)
../../../../../Drivers/CMSIS/Lib/GCC\libarm_cortexM4l_math.a(arm_max_f32.o)
                              Example/AlgoBuilder/ab_fft.o (arm_max_f32)
../../../../../Drivers/CMSIS/Lib/GCC\libarm_cortexM4l_math.a(arm_rfft_fast_init_f32.o)
                              Example/AlgoBuilder/ab_fft.o (arm_rfft_fast_init_f32)
../../../../../Drivers/CMSIS/Lib/GCC\libarm_cortexM4l_math.a(arm_rfft_fast_f32.o)
                              Example/AlgoBuilder/ab_fft.o (arm_rfft_fast_f32)
../../../../../Drivers/CMSIS/Lib/GCC\libarm_cortexM4l_math.a(arm_cfft_f32.o)
                              ../../../../../Drivers/CMSIS/Lib/GCC\libarm_cortexM4l_math.a(arm_rfft_fast_f32.o) (arm_cfft_f32)
../../../../../Drivers/CMSIS/Lib/GCC\libarm_cortexM4l_math.a(arm_fir_init_f32.o)
                              Example/AlgoBuilder/ab_signal.o (arm_fir_init_f32)
../../../../../Drivers/CMSIS/Lib/GCC\libarm_cortexM4l_math.a(arm_fir_f32.o)
                              Example/AlgoBuilder/ab_signal.o (arm_fir_f32)
../../../../../Drivers/CMSIS/Lib/GCC\libarm_cortexM4l_math.a(arm_biquad_cascade_df1_init_f32.o)
                              Example/AlgoBuilder/ab_signal.o (arm_biquad_cascade_df1_init_f32)
../../../../../Drivers/CMSIS/Lib/GCC\libarm_cortexM4l_math.a(arm_biquad_cascade_df1_f32.o)
                              Example/AlgoBuilder/ab_signal.o (arm_biquad_cascade_df1_f32)
../../../../../Drivers/CMSIS/Lib/GCC\libarm_cortexM4l_math.a(arm_cmplx_mag_f32.o)
                              Example/AlgoBuilder/ab_fft.o (arm_cmplx_mag_f32)
../../../../../Drivers/CMSIS/Lib/GCC\libarm_cortexM4l_math.a(arm_common_tables.o)
                              ../../../../../Drivers/CMSIS/Lib/GCC\libarm_cortexM4l_math.a(arm_rfft_fast_init_f32.o) (twiddleCoef_rfft_4096)
../../../../../Drivers/CMSIS/Lib/GCC\libarm_cortexM4l_math.a(arm_bitreversal2.o)
                              ../../../../../Drivers/CMSIS/Lib/GCC\libarm_cortexM4l_math.a(arm_cfft_f32.o) (arm_bitreversal_32)
../../../../../Drivers/CMSIS/Lib/GCC\libarm_cortexM4l_math.a(arm_cfft_radix8_f32.o)
                              ../../../../../Drivers/CMSIS/Lib/GCC\libarm_cortexM4l_math.a(arm_cfft_f32.o) (arm_radix8_butterfly_f32)
d:/st/stm32cubeide_1.6.1/stm32cubeide/plugins/com.st.stm32cube.ide.mcu.externaltools.gnu-tools-for-stm32.9-2020-q2-update.win32_1.5.0.202011040924/tools/bin/../lib/gcc/arm-none-eabi/9.3.1/../../../../arm-none-eabi/lib/thumb/v7e-m+fp/softfp\libm.a(lib_a-s_atan.o)
                              ../../../../../Middlewares/ST/STM32_MotionTL_Library/Lib\MotionTL_CM4F_wc32_ot.a(motion_tl.o) (atan)
d:/st/stm32cubeide_1.6.1/stm32cubeide/plugins/com.st.stm32cube.ide.mcu.externaltools.gnu-tools-for-stm32.9-2020-q2-update.win32_1.5.0.202011040924/tools/bin/../lib/gcc/arm-none-eabi/9.3.1/../../../../arm-none-eabi/lib/thumb/v7e-m+fp/softfp\libm.a(lib_a-s_fabs.o)
                              d:/st/stm32cubeide_1.6.1/stm32cubeide/plugins/com.st.stm32cube.ide.mcu.externaltools.gnu-tools-for-stm32.9-2020-q2-update.win32_1.5.0.202011040924/tools/bin/../lib/gcc/arm-none-eabi/9.3.1/../../../../arm-none-eabi/lib/thumb/v7e-m+fp/softfp\libm.a(lib_a-s_atan.o) (fabs)
d:/st/stm32cubeide_1.6.1/stm32cubeide/plugins/com.st.stm32cube.ide.mcu.externaltools.gnu-tools-for-stm32.9-2020-q2-update.win32_1.5.0.202011040924/tools/bin/../lib/gcc/arm-none-eabi/9.3.1/../../../../arm-none-eabi/lib/thumb/v7e-m+fp/softfp\libm.a(lib_a-s_floor.o)
                              ../../../../../Middlewares/ST/STM32_MotionFX_Library/Lib\MotionFX_CM4F_wc32_ot.a(motion_fx.o) (floor)
d:/st/stm32cubeide_1.6.1/stm32cubeide/plugins/com.st.stm32cube.ide.mcu.externaltools.gnu-tools-for-stm32.9-2020-q2-update.win32_1.5.0.202011040924/tools/bin/../lib/gcc/arm-none-eabi/9.3.1/../../../../arm-none-eabi/lib/thumb/v7e-m+fp/softfp\libm.a(lib_a-sf_cos.o)
                              ../../../../../Middlewares/ST/STM32_MotionFX_Library/Lib\MotionFX_CM4F_wc32_ot.a(motion_fx.o) (cosf)
d:/st/stm32cubeide_1.6.1/stm32cubeide/plugins/com.st.stm32cube.ide.mcu.externaltools.gnu-tools-for-stm32.9-2020-q2-update.win32_1.5.0.202011040924/tools/bin/../lib/gcc/arm-none-eabi/9.3.1/../../../../arm-none-eabi/lib/thumb/v7e-m+fp/softfp\libm.a(lib_a-sf_round.o)
                              ../../../../../Middlewares/ST/STM32_MotionFX_Library/Lib\MotionFX_CM4F_wc32_ot.a(motion_fx.o) (roundf)
[...]
Memory Configuration

Name             Origin             Length             Attributes
RAM              0x0000000020000000 0x00000000000a0000 xrw
FLASH            0x0000000008000000 0x000000000007c000 xr
*default*        0x0000000000000000 0xffffffffffffffff

Linker script and memory map

LOAD d:/st/stm32cubeide_1.6.1/stm32cubeide/plugins/com.st.stm32cube.ide.mcu.externaltools.gnu-tools-for-stm32.9-2020-q2-update.win32_1.5.0.202011040924/tools/bin/../lib/gcc/arm-none-eabi/9.3.1/thumb/v7e-m+fp/softfp/crti.o
LOAD d:/st/stm32cubeide_1.6.1/stm32cubeide/plugins/com.st.stm32cube.ide.mcu.externaltools.gnu-tools-for-stm32.9-2020-q2-update.win32_1.5.0.202011040924/tools/bin/../lib/gcc/arm-none-eabi/9.3.1/thumb/v7e-m+fp/softfp/crtbegin.o
LOAD d:/st/stm32cubeide_1.6.1/stm32cubeide/plugins/com.st.stm32cube.ide.mcu.externaltools.gnu-tools-for-stm32.9-2020-q2-update.win32_1.5.0.202011040924/tools/bin/../lib/gcc/arm-none-eabi/9.3.1/../../../../arm-none-eabi/lib/thumb/v7e-m+fp/softfp/crt0.o
LOAD Drivers/BSP/Components/hts221.o
LOAD Drivers/BSP/Components/hts221_reg.o
LOAD Drivers/BSP/Components/lis2mdl.o
LOAD Drivers/BSP/Components/lis2mdl_reg.o
LOAD Drivers/BSP/Components/lps22hh.o
LOAD Drivers/BSP/Components/lps22hh_reg.o
LOAD Drivers/BSP/Components/lsm6dsox.o
LOAD Drivers/BSP/Components/lsm6dsox_reg.o
LOAD Drivers/BSP/SensorTile.box/SensorTile.box.o
LOAD Drivers/BSP/SensorTile.box/SensorTile.box_bus.o
LOAD Drivers/BSP/SensorTile.box/SensorTile.box_env_sensors.o
LOAD Drivers/BSP/SensorTile.box/SensorTile.box_env_sensors_ex.o
LOAD Drivers/BSP/SensorTile.box/SensorTile.box_motion_sensors.o
LOAD Drivers/BSP/SensorTile.box/SensorTile.box_motion_sensors_ex.o
LOAD Drivers/BSP/SensorTile.box/SensorTile.box_sd.o
LOAD Drivers/CMSIS/system_stm32l4xx.o
LOAD Drivers/STM32L4xx_HAL_Driver/stm32l4xx_hal.o
LOAD Drivers/STM32L4xx_HAL_Driver/stm32l4xx_hal_adc.o
LOAD Drivers/STM32L4xx_HAL_Driver/stm32l4xx_hal_adc_ex.o
LOAD Drivers/STM32L4xx_HAL_Driver/stm32l4xx_hal_cortex.o
LOAD Drivers/STM32L4xx_HAL_Driver/stm32l4xx_hal_dma.o
LOAD Drivers/STM32L4xx_HAL_Driver/stm32l4xx_hal_gpio.o
LOAD Drivers/STM32L4xx_HAL_Driver/stm32l4xx_hal_i2c.o
LOAD Drivers/STM32L4xx_HAL_Driver/stm32l4xx_hal_i2c_ex.o
LOAD Drivers/STM32L4xx_HAL_Driver/stm32l4xx_hal_pcd.o
LOAD Drivers/STM32L4xx_HAL_Driver/stm32l4xx_hal_pcd_ex.o
LOAD Drivers/STM32L4xx_HAL_Driver/stm32l4xx_hal_pwr.o
LOAD Drivers/STM32L4xx_HAL_Driver/stm32l4xx_hal_pwr_ex.o
LOAD Drivers/STM32L4xx_HAL_Driver/stm32l4xx_hal_rcc.o
LOAD Drivers/STM32L4xx_HAL_Driver/stm32l4xx_hal_rcc_ex.o
LOAD Drivers/STM32L4xx_HAL_Driver/stm32l4xx_hal_rtc.o
LOAD Drivers/STM32L4xx_HAL_Driver/stm32l4xx_hal_rtc_ex.o
LOAD Drivers/STM32L4xx_HAL_Driver/stm32l4xx_hal_sd.o
LOAD Drivers/STM32L4xx_HAL_Driver/stm32l4xx_hal_sd_ex.o
LOAD Drivers/STM32L4xx_HAL_Driver/stm32l4xx_hal_spi.o
LOAD Drivers/STM32L4xx_HAL_Driver/stm32l4xx_hal_tim.o
LOAD Drivers/STM32L4xx_HAL_Driver/stm32l4xx_hal_tim_ex.o
LOAD Drivers/STM32L4xx_HAL_Driver/stm32l4xx_ll_sdmmc.o
LOAD Drivers/STM32L4xx_HAL_Driver/stm32l4xx_ll_usb.o
LOAD Example/AlgoBuilder/ab_buffers.o
LOAD Example/AlgoBuilder/ab_display.o
LOAD Example/AlgoBuilder/ab_fft.o
LOAD Example/AlgoBuilder/ab_sensor_hub.o
LOAD Example/AlgoBuilder/ab_sequential_logic.o
LOAD Example/AlgoBuilder/ab_signal.o
LOAD Example/AlgoBuilder/ab_user_input.o
LOAD Example/SW4STM32/startup_stm32l4r9xx.o
LOAD Example/SW4STM32/syscalls.o
LOAD Example/User/algo_builder.o
LOAD Example/User/cube_hal_l4.o
LOAD Example/User/demo_serial.o
LOAD Example/User/main.o
LOAD Example/User/sd_diskio_SensorTile.box.o
LOAD Example/User/sensor_commands.o
LOAD Example/User/serial_protocol.o
LOAD Example/User/stm32l4xx_hal_msp.o
LOAD Example/User/stm32l4xx_it.o
LOAD Example/User/usbd_cdc_interface.o
LOAD Example/User/usbd_conf.o
LOAD Example/User/usbd_desc.o
LOAD Example/User/vcom.o
LOAD Middlewares/FatFs/Core/diskio.o
LOAD Middlewares/FatFs/Core/ff.o
LOAD Middlewares/FatFs/Core/ff_gen_drv.o
LOAD Middlewares/FatFs/Options/syscall.o
LOAD Middlewares/FatFs/Options/unicode.o
LOAD Middlewares/STM32_USBD_Library/Class/CDC/usbd_cdc.o
LOAD Middlewares/STM32_USBD_Library/Core/usbd_core.o
LOAD Middlewares/STM32_USBD_Library/Core/usbd_ctlreq.o
LOAD Middlewares/STM32_USBD_Library/Core/usbd_ioreq.o
LOAD ../../../../../Middlewares/ST/STM32_MotionAC_Library/Lib\MotionAC_CM4F_wc32_ot.a
LOAD ../../../../../Middlewares/ST/STM32_MotionAW_Library/Lib\MotionAW_CM4F_wc32_ot.a
LOAD ../../../../../Middlewares/ST/STM32_MotionEC_Library/Lib\MotionEC_CM4F_wc32_ot.a
LOAD ../../../../../Middlewares/ST/STM32_MotionFX_Library/Lib\MotionFX_CM4F_wc32_ot.a
LOAD ../../../../../Middlewares/ST/STM32_MotionGC_Library/Lib\MotionGC_CM4F_wc32_ot.a
LOAD ../../../../../Middlewares/ST/STM32_MotionID_Library/Lib\MotionID_CM4F_wc32_ot.a
LOAD ../../../../../Middlewares/ST/STM32_MotionMC_Library/Lib\MotionMC_CM4F_wc32_ot.a
LOAD ../../../../../Middlewares/ST/STM32_MotionPM_Library/Lib\MotionPM_CM4F_wc32_ot.a
LOAD ../../../../../Middlewares/ST/STM32_MotionPW_Library/Lib\MotionPW_CM4F_wc32_ot.a
LOAD ../../../../../Middlewares/ST/STM32_MotionTL_Library/Lib\MotionTL_CM4F_wc32_ot.a
LOAD ../../../../../Drivers/CMSIS/Lib/GCC\libarm_cortexM4l_math.a
LOAD d:/st/stm32cubeide_1.6.1/stm32cubeide/plugins/com.st.stm32cube.ide.mcu.externaltools.gnu-tools-for-stm32.9-2020-q2-update.win32_1.5.0.202011040924/tools/bin/../lib/gcc/arm-none-eabi/9.3.1/../../../../arm-none-eabi/lib/thumb/v7e-m+fp/softfp\libm.a
LOAD d:/st/stm32cubeide_1.6.1/stm32cubeide/plugins/com.st.stm32cube.ide.mcu.externaltools.gnu-tools-for-stm32.9-2020-q2-update.win32_1.5.0.202011040924/tools/bin/../lib/gcc/arm-none-eabi/9.3.1/../../../../arm-none-eabi/lib/thumb/v7e-m+fp/softfp\libc.a
START GROUP
LOAD ../../../../../Middlewares/ST/STM32_MotionAC_Library/Lib\MotionAC_CM4F_wc32_ot.a
LOAD ../../../../../Middlewares/ST/STM32_MotionAW_Library/Lib\MotionAW_CM4F_wc32_ot.a
LOAD ../../../../../Middlewares/ST/STM32_MotionEC_Library/Lib\MotionEC_CM4F_wc32_ot.a
LOAD ../../../../../Middlewares/ST/STM32_MotionFX_Library/Lib\MotionFX_CM4F_wc32_ot.a
LOAD ../../../../../Middlewares/ST/STM32_MotionGC_Library/Lib\MotionGC_CM4F_wc32_ot.a
LOAD ../../../../../Middlewares/ST/STM32_MotionID_Library/Lib\MotionID_CM4F_wc32_ot.a
LOAD ../../../../../Middlewares/ST/STM32_MotionMC_Library/Lib\MotionMC_CM4F_wc32_ot.a
LOAD ../../../../../Middlewares/ST/STM32_MotionPM_Library/Lib\MotionPM_CM4F_wc32_ot.a
LOAD ../../../../../Middlewares/ST/STM32_MotionPW_Library/Lib\MotionPW_CM4F_wc32_ot.a
LOAD ../../../../../Middlewares/ST/STM32_MotionTL_Library/Lib\MotionTL_CM4F_wc32_ot.a
LOAD ../../../../../Drivers/CMSIS/Lib/GCC\libarm_cortexM4l_math.a
LOAD d:/st/stm32cubeide_1.6.1/stm32cubeide/plugins/com.st.stm32cube.ide.mcu.externaltools.gnu-tools-for-stm32.9-2020-q2-update.win32_1.5.0.202011040924/tools/bin/../lib/gcc/arm-none-eabi/9.3.1/../../../../arm-none-eabi/lib/thumb/v7e-m+fp/softfp\libm.a
LOAD d:/st/stm32cubeide_1.6.1/stm32cubeide/plugins/com.st.stm32cube.ide.mcu.externaltools.gnu-tools-for-stm32.9-2020-q2-update.win32_1.5.0.202011040924/tools/bin/../lib/gcc/arm-none-eabi/9.3.1/../../../../arm-none-eabi/lib/thumb/v7e-m+fp/softfp\libc.a
END GROUP
START GROUP
LOAD d:/st/stm32cubeide_1.6.1/stm32cubeide/plugins/com.st.stm32cube.ide.mcu.externaltools.gnu-tools-for-stm32.9-2020-q2-update.win32_1.5.0.202011040924/tools/bin/../lib/gcc/arm-none-eabi/9.3.1/../../../../arm-none-eabi/lib/thumb/v7e-m+fp/softfp\libc.a
LOAD d:/st/stm32cubeide_1.6.1/stm32cubeide/plugins/com.st.stm32cube.ide.mcu.externaltools.gnu-tools-for-stm32.9-2020-q2-update.win32_1.5.0.202011040924/tools/bin/../lib/gcc/arm-none-eabi/9.3.1/../../../../arm-none-eabi/lib/thumb/v7e-m+fp/softfp\libm.a
END GROUP
START GROUP
LOAD d:/st/stm32cubeide_1.6.1/stm32cubeide/plugins/com.st.stm32cube.ide.mcu.externaltools.gnu-tools-for-stm32.9-2020-q2-update.win32_1.5.0.202011040924/tools/bin/../lib/gcc/arm-none-eabi/9.3.1/thumb/v7e-m+fp/softfp\libgcc.a
LOAD d:/st/stm32cubeide_1.6.1/stm32cubeide/plugins/com.st.stm32cube.ide.mcu.externaltools.gnu-tools-for-stm32.9-2020-q2-update.win32_1.5.0.202011040924/tools/bin/../lib/gcc/arm-none-eabi/9.3.1/../../../../arm-none-eabi/lib/thumb/v7e-m+fp/softfp\libc.a
END GROUP
LOAD d:/st/stm32cubeide_1.6.1/stm32cubeide/plugins/com.st.stm32cube.ide.mcu.externaltools.gnu-tools-for-stm32.9-2020-q2-update.win32_1.5.0.202011040924/tools/bin/../lib/gcc/arm-none-eabi/9.3.1/thumb/v7e-m+fp/softfp/crtend.o
LOAD d:/st/stm32cubeide_1.6.1/stm32cubeide/plugins/com.st.stm32cube.ide.mcu.externaltools.gnu-tools-for-stm32.9-2020-q2-update.win32_1.5.0.202011040924/tools/bin/../lib/gcc/arm-none-eabi/9.3.1/thumb/v7e-m+fp/softfp/crtn.o
                0x00000000200a0000                _estack = 0x200a0000
                0x0000000000000600                _Min_Heap_Size = 0x600
                0x0000000000008000                _Min_Stack_Size = 0x8000

.isr_vector     0x0000000008000000      0x1c0
                0x0000000008000000                . = ALIGN (0x8)
 *(.isr_vector)
 .isr_vector    0x0000000008000000      0x1bc Example/SW4STM32/startup_stm32l4r9xx.o
                0x0000000008000000                g_pfnVectors
                0x00000000080001c0                . = ALIGN (0x8)
 *fill*         0x00000000080001bc        0x4 

.text           0x00000000080001c0    0x247f0
                0x00000000080001c0                . = ALIGN (0x8)
 *(.text)
 .text          0x00000000080001c0       0x40 d:/st/stm32cubeide_1.6.1/stm32cubeide/plugins/com.st.stm32cube.ide.mcu.externaltools.gnu-tools-for-stm32.9-2020-q2-update.win32_1.5.0.202011040924/tools/bin/../lib/gcc/arm-none-eabi/9.3.1/thumb/v7e-m+fp/softfp/crtbegin.o
 .text          0x0000000008000200       0x10 d:/st/stm32cubeide_1.6.1/stm32cubeide/plugins/com.st.stm32cube.ide.mcu.externaltools.gnu-tools-for-stm32.9-2020-q2-update.win32_1.5.0.202011040924/tools/bin/../lib/gcc/arm-none-eabi/9.3.1/../../../../arm-none-eabi/lib/thumb/v7e-m+fp/softfp\libc.a(lib_a-strlen.o)
                0x0000000008000200                strlen
 .text          0x0000000008000210       0xa0 d:/st/stm32cubeide_1.6.1/stm32cubeide/plugins/com.st.stm32cube.ide.mcu.externaltools.gnu-tools-for-stm32.9-2020-q2-update.win32_1.5.0.202011040924/tools/bin/../lib/gcc/arm-none-eabi/9.3.1/../../../../arm-none-eabi/lib/thumb/v7e-m+fp/softfp\libc.a(lib_a-memchr.o)
                0x0000000008000210                memchr
 .text          0x00000000080002b0      0x378 d:/st/stm32cubeide_1.6.1/stm32cubeide/plugins/com.st.stm32cube.ide.mcu.externaltools.gnu-tools-for-stm32.9-2020-q2-update.win32_1.5.0.202011040924/tools/bin/../lib/gcc/arm-none-eabi/9.3.1/thumb/v7e-m+fp/softfp\libgcc.a(_arm_addsubdf3.o)
                0x00000000080002b0                __aeabi_drsub
                0x00000000080002b8                __aeabi_dsub
                0x00000000080002b8                __subdf3
                0x00000000080002bc                __aeabi_dadd
                0x00000000080002bc                __adddf3
                0x0000000008000534                __floatunsidf
                0x0000000008000534                __aeabi_ui2d
                0x0000000008000554                __floatsidf
                0x0000000008000554                __aeabi_i2d
                0x0000000008000578                __aeabi_f2d
                0x0000000008000578                __extendsfdf2
                0x00000000080005bc                __floatundidf
                0x00000000080005bc                __aeabi_ul2d
                0x00000000080005cc                __floatdidf
                0x00000000080005cc                __aeabi_l2d
 .text          0x0000000008000628      0x424 d:/st/stm32cubeide_1.6.1/stm32cubeide/plugins/com.st.stm32cube.ide.mcu.externaltools.gnu-tools-for-stm32.9-2020-q2-update.win32_1.5.0.202011040924/tools/bin/../lib/gcc/arm-none-eabi/9.3.1/thumb/v7e-m+fp/softfp\libgcc.a(_arm_muldivdf3.o)
                0x0000000008000628                __aeabi_dmul
                0x0000000008000628                __muldf3
                0x000000000800087c                __divdf3
                0x000000000800087c                __aeabi_ddiv
 .text          0x0000000008000a4c      0x110 d:/st/stm32cubeide_1.6.1/stm32cubeide/plugins/com.st.stm32cube.ide.mcu.externaltools.gnu-tools-for-stm32.9-2020-q2-update.win32_1.5.0.202011040924/tools/bin/../lib/gcc/arm-none-eabi/9.3.1/thumb/v7e-m+fp/softfp\libgcc.a(_arm_cmpdf2.o)
                0x0000000008000a4c                __gtdf2
                0x0000000008000a4c                __gedf2
                0x0000000008000a54                __ltdf2
                0x0000000008000a54                __ledf2
                0x0000000008000a5c                __nedf2
                0x0000000008000a5c                __eqdf2
                0x0000000008000a5c                __cmpdf2
                0x0000000008000ad8                __aeabi_cdrcmple
                0x0000000008000ae8                __aeabi_cdcmpeq
                0x0000000008000ae8                __aeabi_cdcmple
                0x0000000008000af8                __aeabi_dcmpeq
                0x0000000008000b0c                __aeabi_dcmplt
                0x0000000008000b20                __aeabi_dcmple
                0x0000000008000b34                __aeabi_dcmpge
                0x0000000008000b48                __aeabi_dcmpgt
 .text          0x0000000008000b5c       0x2c d:/st/stm32cubeide_1.6.1/stm32cubeide/plugins/com.st.stm32cube.ide.mcu.externaltools.gnu-tools-for-stm32.9-2020-q2-update.win32_1.5.0.202011040924/tools/bin/../lib/gcc/arm-none-eabi/9.3.1/thumb/v7e-m+fp/softfp\libgcc.a(_arm_unorddf2.o)
                0x0000000008000b5c                __unorddf2
                0x0000000008000b5c                __aeabi_dcmpun
 .text          0x0000000008000b88       0x50 d:/st/stm32cubeide_1.6.1/stm32cubeide/plugins/com.st.stm32cube.ide.mcu.externaltools.gnu-tools-for-stm32.9-2020-q2-update.win32_1.5.0.202011040924/tools/bin/../lib/gcc/arm-none-eabi/9.3.1/thumb/v7e-m+fp/softfp\libgcc.a(_arm_fixdfsi.o)
                0x0000000008000b88                __aeabi_d2iz
                0x0000000008000b88                __fixdfsi
 .text          0x0000000008000bd8       0xa0 d:/st/stm32cubeide_1.6.1/stm32cubeide/plugins/com.st.stm32cube.ide.mcu.externaltools.gnu-tools-for-stm32.9-2020-q2-update.win32_1.5.0.202011040924/tools/bin/../lib/gcc/arm-none-eabi/9.3.1/thumb/v7e-m+fp/softfp\libgcc.a(_arm_truncdfsf2.o)
                0x0000000008000bd8                __truncdfsf2
                0x0000000008000bd8                __aeabi_d2f
 .text          0x0000000008000c78       0x30 d:/st/stm32cubeide_1.6.1/stm32cubeide/plugins/com.st.stm32cube.ide.mcu.externaltools.gnu-tools-for-stm32.9-2020-q2-update.win32_1.5.0.202011040924/tools/bin/../lib/gcc/arm-none-eabi/9.3.1/thumb/v7e-m+fp/softfp\libgcc.a(_aeabi_uldivmod.o)
                0x0000000008000c78                __aeabi_uldivmod
 .text          0x0000000008000ca8      0x2c4 d:/st/stm32cubeide_1.6.1/stm32cubeide/plugins/com.st.stm32cube.ide.mcu.externaltools.gnu-tools-for-stm32.9-2020-q2-update.win32_1.5.0.202011040924/tools/bin/../lib/gcc/arm-none-eabi/9.3.1/thumb/v7e-m+fp/softfp\libgcc.a(_udivmoddi4.o)
                0x0000000008000ca8                __udivmoddi4
 .text          0x0000000008000f6c        0x4 d:/st/stm32cubeide_1.6.1/stm32cubeide/plugins/com.st.stm32cube.ide.mcu.externaltools.gnu-tools-for-stm32.9-2020-q2-update.win32_1.5.0.202011040924/tools/bin/../lib/gcc/arm-none-eabi/9.3.1/thumb/v7e-m+fp/softfp\libgcc.a(_dvmd_tls.o)
                0x0000000008000f6c                __aeabi_idiv0
                0x0000000008000f6c                __aeabi_ldiv0
 *(.text*)
 .text.HTS221_GetCapabilities
                0x0000000008000f70       0x18 Drivers/BSP/Components/hts221.o
                0x0000000008000f70                HTS221_GetCapabilities
 .text.HTS221_HUM_Enable
                0x0000000008000f88       0x34 Drivers/BSP/Components/hts221.o
                0x0000000008000f88                HTS221_HUM_Enable
 .text.HTS221_TEMP_Enable
                0x0000000008000fbc       0x34 Drivers/BSP/Components/hts221.o
                0x0000000008000fbc                HTS221_TEMP_Enable
 .text.HTS221_Init
                0x0000000008000ff0       0x3c Drivers/BSP/Components/hts221.o
                0x0000000008000ff0                HTS221_Init
 .text.HTS221_HUM_SetOutputDataRate
                0x000000000800102c       0x3c Drivers/BSP/Components/hts221.o
                0x000000000800102c                HTS221_HUM_SetOutputDataRate
 .text.HTS221_ReadID
                0x0000000008001068       0x14 Drivers/BSP/Components/hts221.o
                0x0000000008001068                HTS221_ReadID
 .text.HTS221_HUM_GetHumidity
                0x000000000800107c       0xe0 Drivers/BSP/Components/hts221.o
                0x000000000800107c                HTS221_HUM_GetHumidity
 .text.HTS221_TEMP_GetTemperature
                0x000000000800115c       0xac Drivers/BSP/Components/hts221.o
                0x000000000800115c                HTS221_TEMP_GetTemperature
 .text.ReadRegWrap
                0x0000000008001208       0x1c Drivers/BSP/Components/hts221.o
 .text.WriteRegWrap
                0x0000000008001224       0x1c Drivers/BSP/Components/hts221.o
 .text.HTS221_DeInit
                0x0000000008001240       0x50 Drivers/BSP/Components/hts221.o
                0x0000000008001240                HTS221_DeInit
 .text.HTS221_TEMP_GetOutputDataRate
                0x0000000008001290       0x54 Drivers/BSP/Components/hts221.o
                0x0000000008001290                HTS221_TEMP_GetOutputDataRate
 .text.HTS221_HUM_Disable
                0x00000000080012e4       0x2c Drivers/BSP/Components/hts221.o
                0x00000000080012e4                HTS221_HUM_Disable
 .text.HTS221_TEMP_Disable
                0x0000000008001310       0x2c Drivers/BSP/Components/hts221.o
                0x0000000008001310                HTS221_TEMP_Disable
 .text.HTS221_HUM_GetOutputDataRate
                0x000000000800133c       0x54 Drivers/BSP/Components/hts221.o
                0x000000000800133c                HTS221_HUM_GetOutputDataRate
 .text.HTS221_TEMP_SetOutputDataRate
                0x0000000008001390       0x3c Drivers/BSP/Components/hts221.o
                0x0000000008001390                HTS221_TEMP_SetOutputDataRate
 .text.HTS221_RegisterBusIO
                0x00000000080013cc       0x48 Drivers/BSP/Components/hts221.o
                0x00000000080013cc                HTS221_RegisterBusIO
 .text.hts221_data_rate_set
                0x0000000008001414       0x34 Drivers/BSP/Components/hts221_reg.o
                0x0000000008001414                hts221_data_rate_set
 .text.hts221_data_rate_get
                0x0000000008001448       0x4c Drivers/BSP/Components/hts221_reg.o
                0x0000000008001448                hts221_data_rate_get
 .text.hts221_block_data_update_set
                0x0000000008001494       0x34 Drivers/BSP/Components/hts221_reg.o
                0x0000000008001494                hts221_block_data_update_set
 .text.hts221_humidity_raw_get
                0x00000000080014c8       0x14 Drivers/BSP/Components/hts221_reg.o
                0x00000000080014c8                hts221_humidity_raw_get
 .text.hts221_temperature_raw_get
                0x00000000080014dc       0x14 Drivers/BSP/Components/hts221_reg.o
                0x00000000080014dc                hts221_temperature_raw_get
 .text.hts221_device_id_get
                0x00000000080014f0       0x14 Drivers/BSP/Components/hts221_reg.o
                0x00000000080014f0                hts221_device_id_get
 .text.hts221_power_on_set
                0x0000000008001504       0x34 Drivers/BSP/Components/hts221_reg.o
                0x0000000008001504                hts221_power_on_set
 .text.hts221_hum_rh_point_0_get
                0x0000000008001538       0x18 Drivers/BSP/Components/hts221_reg.o
                0x0000000008001538                hts221_hum_rh_point_0_get
 .text.hts221_hum_rh_point_1_get
                0x0000000008001550       0x18 Drivers/BSP/Components/hts221_reg.o
                0x0000000008001550                hts221_hum_rh_point_1_get
 .text.hts221_temp_deg_point_0_get
                0x0000000008001568       0x3c Drivers/BSP/Components/hts221_reg.o
                0x0000000008001568                hts221_temp_deg_point_0_get
 .text.hts221_temp_deg_point_1_get
                0x00000000080015a4       0x3c Drivers/BSP/Components/hts221_reg.o
                0x00000000080015a4                hts221_temp_deg_point_1_get
 .text.hts221_hum_adc_point_0_get
                0x00000000080015e0       0x14 Drivers/BSP/Components/hts221_reg.o
                0x00000000080015e0                hts221_hum_adc_point_0_get
 .text.hts221_hum_adc_point_1_get
                0x00000000080015f4       0x14 Drivers/BSP/Components/hts221_reg.o
                0x00000000080015f4                hts221_hum_adc_point_1_get
 .text.hts221_temp_adc_point_0_get
                0x0000000008001608       0x14 Drivers/BSP/Components/hts221_reg.o
                0x0000000008001608                hts221_temp_adc_point_0_get
 .text.hts221_temp_adc_point_1_get
                0x000000000800161c       0x14 Drivers/BSP/Components/hts221_reg.o
                0x000000000800161c                hts221_temp_adc_point_1_get
 .text.LIS2MDL_GetCapabilities
                0x0000000008001630       0x28 Drivers/BSP/Components/lis2mdl.o
                0x0000000008001630                LIS2MDL_GetCapabilities
 .text.LIS2MDL_MAG_GetSensitivity
                0x0000000008001658        0xc Drivers/BSP/Components/lis2mdl.o
                0x0000000008001658                LIS2MDL_MAG_GetSensitivity
 .text.LIS2MDL_MAG_GetFullScale
                0x0000000008001664        0x8 Drivers/BSP/Components/lis2mdl.o
                0x0000000008001664                LIS2MDL_MAG_GetFullScale
 .text.LIS2MDL_MAG_SetFullScale
                0x000000000800166c        0x4 Drivers/BSP/Components/lis2mdl.o
                0x000000000800166c                LIS2MDL_MAG_SetFullScale
 .text.LIS2MDL_MAG_SetOutputDataRate
                0x0000000008001670       0x50 Drivers/BSP/Components/lis2mdl.o
                0x0000000008001670                LIS2MDL_MAG_SetOutputDataRate
 .text.LIS2MDL_Init
                0x00000000080016c0       0x40 Drivers/BSP/Components/lis2mdl.o
                0x00000000080016c0                LIS2MDL_Init
 .text.LIS2MDL_ReadID
                0x0000000008001700       0x14 Drivers/BSP/Components/lis2mdl.o
                0x0000000008001700                LIS2MDL_ReadID
 .text.LIS2MDL_MAG_GetOutputDataRate
                0x0000000008001714       0x58 Drivers/BSP/Components/lis2mdl.o
                0x0000000008001714                LIS2MDL_MAG_GetOutputDataRate
 .text.LIS2MDL_MAG_GetAxesRaw
                0x000000000800176c       0x24 Drivers/BSP/Components/lis2mdl.o
                0x000000000800176c                LIS2MDL_MAG_GetAxesRaw
 .text.LIS2MDL_MAG_GetAxes
                0x0000000008001790       0x68 Drivers/BSP/Components/lis2mdl.o
                0x0000000008001790                LIS2MDL_MAG_GetAxes
 .text.ReadMagRegWrap
                0x00000000080017f8       0x1c Drivers/BSP/Components/lis2mdl.o
 .text.WriteMagRegWrap
                0x0000000008001814       0x1c Drivers/BSP/Components/lis2mdl.o
 .text.LIS2MDL_MAG_Enable
                0x0000000008001830       0x28 Drivers/BSP/Components/lis2mdl.o
                0x0000000008001830                LIS2MDL_MAG_Enable
 .text.LIS2MDL_DeInit
                0x0000000008001858       0x28 Drivers/BSP/Components/lis2mdl.o
                0x0000000008001858                LIS2MDL_DeInit
 .text.LIS2MDL_MAG_Disable
                0x0000000008001880       0x24 Drivers/BSP/Components/lis2mdl.o
                0x0000000008001880                LIS2MDL_MAG_Disable
 .text.LIS2MDL_RegisterBusIO
                0x00000000080018a4       0x88 Drivers/BSP/Components/lis2mdl.o
                0x00000000080018a4                LIS2MDL_RegisterBusIO
 .text.LIS2MDL_Read_Reg
                0x000000000800192c       0x14 Drivers/BSP/Components/lis2mdl.o
                0x000000000800192c                LIS2MDL_Read_Reg
 .text.LIS2MDL_Write_Reg
                0x0000000008001940       0x24 Drivers/BSP/Components/lis2mdl.o
                0x0000000008001940                LIS2MDL_Write_Reg
 .text.lis2mdl_read_reg
                0x0000000008001964       0x10 Drivers/BSP/Components/lis2mdl_reg.o
                0x0000000008001964                lis2mdl_read_reg
 .text.lis2mdl_write_reg
                0x0000000008001974       0x10 Drivers/BSP/Components/lis2mdl_reg.o
                0x0000000008001974                lis2mdl_write_reg
 .text.lis2mdl_operating_mode_set
                0x0000000008001984       0x34 Drivers/BSP/Components/lis2mdl_reg.o
                0x0000000008001984                lis2mdl_operating_mode_set
 .text.lis2mdl_data_rate_set
                0x00000000080019b8       0x34 Drivers/BSP/Components/lis2mdl_reg.o
                0x00000000080019b8                lis2mdl_data_rate_set
 .text.lis2mdl_data_rate_get
                0x00000000080019ec       0x38 Drivers/BSP/Components/lis2mdl_reg.o
                0x00000000080019ec                lis2mdl_data_rate_get
 .text.lis2mdl_block_data_update_set
                0x0000000008001a24       0x34 Drivers/BSP/Components/lis2mdl_reg.o
                0x0000000008001a24                lis2mdl_block_data_update_set
 .text.lis2mdl_magnetic_raw_get
                0x0000000008001a58       0x14 Drivers/BSP/Components/lis2mdl_reg.o
                0x0000000008001a58                lis2mdl_magnetic_raw_get
 .text.lis2mdl_device_id_get
                0x0000000008001a6c       0x14 Drivers/BSP/Components/lis2mdl_reg.o
                0x0000000008001a6c                lis2mdl_device_id_get
 .text.lis2mdl_self_test_set
                0x0000000008001a80       0x34 Drivers/BSP/Components/lis2mdl_reg.o
                0x0000000008001a80                lis2mdl_self_test_set
 .text.lis2mdl_i2c_interface_set
                0x0000000008001ab4       0x34 Drivers/BSP/Components/lis2mdl_reg.o
                0x0000000008001ab4                lis2mdl_i2c_interface_set
 .text.LPS22HH_GetCapabilities
                0x0000000008001ae8       0x18 Drivers/BSP/Components/lps22hh.o
                0x0000000008001ae8                LPS22HH_GetCapabilities
 .text.ReadRegWrap
                0x0000000008001b00       0x10 Drivers/BSP/Components/lps22hh.o
 .text.WriteRegWrap
                0x0000000008001b10       0x10 Drivers/BSP/Components/lps22hh.o
 .text.LPS22HH_Init
                0x0000000008001b20       0x58 Drivers/BSP/Components/lps22hh.o
                0x0000000008001b20                LPS22HH_Init
 .text.LPS22HH_ReadID
                0x0000000008001b78       0x14 Drivers/BSP/Components/lps22hh.o
                0x0000000008001b78                LPS22HH_ReadID
 .text.LPS22HH_PRESS_SetOutputDataRate
                0x0000000008001b8c      0x118 Drivers/BSP/Components/lps22hh.o
                0x0000000008001b8c                LPS22HH_PRESS_SetOutputDataRate
 .text.LPS22HH_PRESS_GetPressure
                0x0000000008001ca4       0x2c Drivers/BSP/Components/lps22hh.o
                0x0000000008001ca4                LPS22HH_PRESS_GetPressure
 .text.LPS22HH_TEMP_GetTemperature
                0x0000000008001cd0       0x30 Drivers/BSP/Components/lps22hh.o
                0x0000000008001cd0                LPS22HH_TEMP_GetTemperature
 .text.LPS22HH_PRESS_Enable
                0x0000000008001d00       0x2c Drivers/BSP/Components/lps22hh.o
                0x0000000008001d00                LPS22HH_PRESS_Enable
 .text.LPS22HH_TEMP_Enable
                0x0000000008001d2c       0x2c Drivers/BSP/Components/lps22hh.o
                0x0000000008001d2c                LPS22HH_TEMP_Enable
 .text.LPS22HH_DeInit
                0x0000000008001d58       0x70 Drivers/BSP/Components/lps22hh.o
                0x0000000008001d58                LPS22HH_DeInit
 .text.LPS22HH_TEMP_GetOutputDataRate
                0x0000000008001dc8       0x88 Drivers/BSP/Components/lps22hh.o
                0x0000000008001dc8                LPS22HH_TEMP_GetOutputDataRate
 .text.LPS22HH_PRESS_GetOutputDataRate
                0x0000000008001e50       0x88 Drivers/BSP/Components/lps22hh.o
                0x0000000008001e50                LPS22HH_PRESS_GetOutputDataRate
 .text.LPS22HH_PRESS_Disable
                0x0000000008001ed8       0x3c Drivers/BSP/Components/lps22hh.o
                0x0000000008001ed8                LPS22HH_PRESS_Disable
 .text.LPS22HH_TEMP_Disable
                0x0000000008001f14       0x3c Drivers/BSP/Components/lps22hh.o
                0x0000000008001f14                LPS22HH_TEMP_Disable
 .text.LPS22HH_TEMP_SetOutputDataRate
                0x0000000008001f50      0x118 Drivers/BSP/Components/lps22hh.o
                0x0000000008001f50                LPS22HH_TEMP_SetOutputDataRate
 .text.LPS22HH_RegisterBusIO
                0x0000000008002068       0x7c Drivers/BSP/Components/lps22hh.o
                0x0000000008002068                LPS22HH_RegisterBusIO
 .text.lps22hh_write_reg
                0x00000000080020e4       0x10 Drivers/BSP/Components/lps22hh_reg.o
                0x00000000080020e4                lps22hh_write_reg
 .text.lps22hh_from_lsb_to_hpa
                0x00000000080020f4       0x10 Drivers/BSP/Components/lps22hh_reg.o
                0x00000000080020f4                lps22hh_from_lsb_to_hpa
 .text.lps22hh_from_lsb_to_celsius
                0x0000000008002104       0x1c Drivers/BSP/Components/lps22hh_reg.o
                0x0000000008002104                lps22hh_from_lsb_to_celsius
 .text.lps22hh_block_data_update_set
                0x0000000008002120       0x34 Drivers/BSP/Components/lps22hh_reg.o
                0x0000000008002120                lps22hh_block_data_update_set
 .text.lps22hh_data_rate_set
                0x0000000008002154       0x60 Drivers/BSP/Components/lps22hh_reg.o
                0x0000000008002154                lps22hh_data_rate_set
 .text.lps22hh_data_rate_get
                0x00000000080021b4       0xc0 Drivers/BSP/Components/lps22hh_reg.o
                0x00000000080021b4                lps22hh_data_rate_get
 .text.lps22hh_pressure_raw_get
                0x0000000008002274       0x14 Drivers/BSP/Components/lps22hh_reg.o
                0x0000000008002274                lps22hh_pressure_raw_get
 .text.lps22hh_temperature_raw_get
                0x0000000008002288       0x14 Drivers/BSP/Components/lps22hh_reg.o
                0x0000000008002288                lps22hh_temperature_raw_get
 .text.lps22hh_device_id_get
                0x000000000800229c       0x14 Drivers/BSP/Components/lps22hh_reg.o
                0x000000000800229c                lps22hh_device_id_get
 .text.lps22hh_auto_increment_set
                0x00000000080022b0       0x34 Drivers/BSP/Components/lps22hh_reg.o
                0x00000000080022b0                lps22hh_auto_increment_set
 .text.lps22hh_lp_bandwidth_set
                0x00000000080022e4       0x34 Drivers/BSP/Components/lps22hh_reg.o
                0x00000000080022e4                lps22hh_lp_bandwidth_set
 .text.lps22hh_i3c_interface_set
                0x0000000008002318       0x40 Drivers/BSP/Components/lps22hh_reg.o
                0x0000000008002318                lps22hh_i3c_interface_set
 .text.LSM6DSOX_GetCapabilities
                0x0000000008002358       0x28 Drivers/BSP/Components/lsm6dsox.o
                0x0000000008002358                LSM6DSOX_GetCapabilities
 .text.ReadRegWrap
                0x0000000008002380       0x10 Drivers/BSP/Components/lsm6dsox.o
 .text.WriteRegWrap
                0x0000000008002390       0x10 Drivers/BSP/Components/lsm6dsox.o
 .text.LSM6DSOX_ACC_SetFullScale
                0x00000000080023a0       0x2c Drivers/BSP/Components/lsm6dsox.o
                0x00000000080023a0                LSM6DSOX_ACC_SetFullScale
 .text.LSM6DSOX_Init
                0x00000000080023cc       0x70 Drivers/BSP/Components/lsm6dsox.o
                0x00000000080023cc                LSM6DSOX_Init
 .text.LSM6DSOX_GYRO_SetFullScale
                0x000000000800243c       0x38 Drivers/BSP/Components/lsm6dsox.o
                0x000000000800243c                LSM6DSOX_GYRO_SetFullScale
 .text.LSM6DSOX_ReadID
                0x0000000008002474       0x14 Drivers/BSP/Components/lsm6dsox.o
                0x0000000008002474                LSM6DSOX_ReadID
 .text.LSM6DSOX_ACC_GetOutputDataRate
                0x0000000008002488       0xa8 Drivers/BSP/Components/lsm6dsox.o
                0x0000000008002488                LSM6DSOX_ACC_GetOutputDataRate
 .text.LSM6DSOX_ACC_GetSensitivity
                0x0000000008002530       0x58 Drivers/BSP/Components/lsm6dsox.o
                0x0000000008002530                LSM6DSOX_ACC_GetSensitivity
 .text.LSM6DSOX_ACC_GetFullScale
                0x0000000008002588       0x48 Drivers/BSP/Components/lsm6dsox.o
                0x0000000008002588                LSM6DSOX_ACC_GetFullScale
 .text.LSM6DSOX_ACC_GetAxesRaw
                0x00000000080025d0       0x24 Drivers/BSP/Components/lsm6dsox.o
                0x00000000080025d0                LSM6DSOX_ACC_GetAxesRaw
 .text.LSM6DSOX_GYRO_GetOutputDataRate
                0x00000000080025f4       0xa0 Drivers/BSP/Components/lsm6dsox.o
                0x00000000080025f4                LSM6DSOX_GYRO_GetOutputDataRate
 .text.LSM6DSOX_GYRO_GetSensitivity
                0x0000000008002694       0x6c Drivers/BSP/Components/lsm6dsox.o
                0x0000000008002694                LSM6DSOX_GYRO_GetSensitivity
 .text.LSM6DSOX_GYRO_GetFullScale
                0x0000000008002700       0x5c Drivers/BSP/Components/lsm6dsox.o
                0x0000000008002700                LSM6DSOX_GYRO_GetFullScale
 .text.LSM6DSOX_GYRO_GetAxesRaw
                0x000000000800275c       0x24 Drivers/BSP/Components/lsm6dsox.o
                0x000000000800275c                LSM6DSOX_GYRO_GetAxesRaw
 .text.LSM6DSOX_GYRO_SetOutputDataRate
                0x0000000008002780      0x17c Drivers/BSP/Components/lsm6dsox.o
                0x0000000008002780                LSM6DSOX_GYRO_SetOutputDataRate
 .text.LSM6DSOX_ACC_Enable
                0x00000000080028fc       0x2c Drivers/BSP/Components/lsm6dsox.o
                0x00000000080028fc                LSM6DSOX_ACC_Enable
 .text.LSM6DSOX_GYRO_Enable
                0x0000000008002928       0x2c Drivers/BSP/Components/lsm6dsox.o
                0x0000000008002928                LSM6DSOX_GYRO_Enable
 .text.LSM6DSOX_DeInit
                0x0000000008002954       0x6c Drivers/BSP/Components/lsm6dsox.o
                0x0000000008002954                LSM6DSOX_DeInit
 .text.LSM6DSOX_ACC_SetOutputDataRate
                0x00000000080029c0      0x17c Drivers/BSP/Components/lsm6dsox.o
                0x00000000080029c0                LSM6DSOX_ACC_SetOutputDataRate
 .text.LSM6DSOX_ACC_Disable
                0x0000000008002b3c       0x34 Drivers/BSP/Components/lsm6dsox.o
                0x0000000008002b3c                LSM6DSOX_ACC_Disable
 .text.LSM6DSOX_GYRO_Disable
                0x0000000008002b70       0x34 Drivers/BSP/Components/lsm6dsox.o
                0x0000000008002b70                LSM6DSOX_GYRO_Disable
 .text.LSM6DSOX_ACC_GetAxes
                0x0000000008002ba4       0xac Drivers/BSP/Components/lsm6dsox.o
                0x0000000008002ba4                LSM6DSOX_ACC_GetAxes
 .text.LSM6DSOX_GYRO_GetAxes
                0x0000000008002c50       0xb8 Drivers/BSP/Components/lsm6dsox.o
                0x0000000008002c50                LSM6DSOX_GYRO_GetAxes
 .text.LSM6DSOX_RegisterBusIO
                0x0000000008002d08       0x80 Drivers/BSP/Components/lsm6dsox.o
                0x0000000008002d08                LSM6DSOX_RegisterBusIO
 .text.LSM6DSOX_Read_Reg
                0x0000000008002d88       0x14 Drivers/BSP/Components/lsm6dsox.o
                0x0000000008002d88                LSM6DSOX_Read_Reg
 .text.LSM6DSOX_Write_Reg
                0x0000000008002d9c       0x24 Drivers/BSP/Components/lsm6dsox.o
                0x0000000008002d9c                LSM6DSOX_Write_Reg
 .text.LSM6DSOX_Set_DRDY_Mode
                0x0000000008002dc0       0x1c Drivers/BSP/Components/lsm6dsox.o
                0x0000000008002dc0                LSM6DSOX_Set_DRDY_Mode
 .text.LSM6DSOX_Set_Pin_INT1_Route
                0x0000000008002ddc       0x20 Drivers/BSP/Components/lsm6dsox.o
                0x0000000008002ddc                LSM6DSOX_Set_Pin_INT1_Route
 .text.lsm6dsox_read_reg
                0x0000000008002dfc       0x10 Drivers/BSP/Components/lsm6dsox_reg.o
                0x0000000008002dfc                lsm6dsox_read_reg
 .text.lsm6dsox_write_reg
                0x0000000008002e0c       0x10 Drivers/BSP/Components/lsm6dsox_reg.o
                0x0000000008002e0c                lsm6dsox_write_reg
 .text.lsm6dsox_xl_full_scale_set
                0x0000000008002e1c       0x34 Drivers/BSP/Components/lsm6dsox_reg.o
                0x0000000008002e1c                lsm6dsox_xl_full_scale_set
 .text.lsm6dsox_xl_full_scale_get
                0x0000000008002e50       0x38 Drivers/BSP/Components/lsm6dsox_reg.o
                0x0000000008002e50                lsm6dsox_xl_full_scale_get
 .text.lsm6dsox_xl_data_rate_get
                0x0000000008002e88       0x78 Drivers/BSP/Components/lsm6dsox_reg.o
                0x0000000008002e88                lsm6dsox_xl_data_rate_get
 .text.lsm6dsox_gy_full_scale_set
                0x0000000008002f00       0x34 Drivers/BSP/Components/lsm6dsox_reg.o
                0x0000000008002f00                lsm6dsox_gy_full_scale_set
 .text.lsm6dsox_gy_full_scale_get
                0x0000000008002f34       0x54 Drivers/BSP/Components/lsm6dsox_reg.o
                0x0000000008002f34                lsm6dsox_gy_full_scale_get
 .text.lsm6dsox_gy_data_rate_get
                0x0000000008002f88       0x70 Drivers/BSP/Components/lsm6dsox_reg.o
                0x0000000008002f88                lsm6dsox_gy_data_rate_get
 .text.lsm6dsox_block_data_update_set
                0x0000000008002ff8       0x34 Drivers/BSP/Components/lsm6dsox_reg.o
                0x0000000008002ff8                lsm6dsox_block_data_update_set
 .text.lsm6dsox_angular_rate_raw_get
                0x000000000800302c       0x14 Drivers/BSP/Components/lsm6dsox_reg.o
                0x000000000800302c                lsm6dsox_angular_rate_raw_get
 .text.lsm6dsox_acceleration_raw_get
                0x0000000008003040       0x14 Drivers/BSP/Components/lsm6dsox_reg.o
                0x0000000008003040                lsm6dsox_acceleration_raw_get
 .text.lsm6dsox_data_ready_mode_set
                0x0000000008003054       0x34 Drivers/BSP/Components/lsm6dsox_reg.o
                0x0000000008003054                lsm6dsox_data_ready_mode_set
 .text.lsm6dsox_device_id_get
                0x0000000008003088       0x14 Drivers/BSP/Components/lsm6dsox_reg.o
                0x0000000008003088                lsm6dsox_device_id_get
 .text.lsm6dsox_auto_increment_set
                0x000000000800309c       0x34 Drivers/BSP/Components/lsm6dsox_reg.o
                0x000000000800309c                lsm6dsox_auto_increment_set
 .text.lsm6dsox_i3c_disable_set
                0x00000000080030d0       0x5c Drivers/BSP/Components/lsm6dsox_reg.o
                0x00000000080030d0                lsm6dsox_i3c_disable_set
 .text.lsm6dsox_pin_int2_route_get
                0x000000000800312c       0xcc Drivers/BSP/Components/lsm6dsox_reg.o
                0x000000000800312c                lsm6dsox_pin_int2_route_get
 .text.lsm6dsox_pin_int1_route_set
                0x00000000080031f8      0x280 Drivers/BSP/Components/lsm6dsox_reg.o
                0x00000000080031f8                lsm6dsox_pin_int1_route_set
 .text.lsm6dsox_fifo_mode_set
                0x0000000008003478       0x34 Drivers/BSP/Components/lsm6dsox_reg.o
                0x0000000008003478                lsm6dsox_fifo_mode_set
 .text.lsm6dsox_fsm_data_rate_get
                0x00000000080034ac       0x94 Drivers/BSP/Components/lsm6dsox_reg.o
                0x00000000080034ac                lsm6dsox_fsm_data_rate_get
 .text.lsm6dsox_mlc_data_rate_get
                0x0000000008003540       0x94 Drivers/BSP/Components/lsm6dsox_reg.o
                0x0000000008003540                lsm6dsox_mlc_data_rate_get
 .text.lsm6dsox_xl_data_rate_set
                0x00000000080035d4      0x22c Drivers/BSP/Components/lsm6dsox_reg.o
                0x00000000080035d4                lsm6dsox_xl_data_rate_set
 .text.lsm6dsox_gy_data_rate_set
                0x0000000008003800      0x22c Drivers/BSP/Components/lsm6dsox_reg.o
                0x0000000008003800                lsm6dsox_gy_data_rate_set
 .text.BSP_LED_Init
                0x0000000008003a2c       0xbc Drivers/BSP/SensorTile.box/SensorTile.box.o
                0x0000000008003a2c                BSP_LED_Init
 .text.BSP_LED_On
                0x0000000008003ae8       0x2c Drivers/BSP/SensorTile.box/SensorTile.box.o
                0x0000000008003ae8                BSP_LED_On
 .text.BSP_LED_Off
                0x0000000008003b14       0x2c Drivers/BSP/SensorTile.box/SensorTile.box.o
                0x0000000008003b14                BSP_LED_Off
 .text.BSP_PB_Init
                0x0000000008003b40       0xac Drivers/BSP/SensorTile.box/SensorTile.box.o
                0x0000000008003b40                BSP_PB_Init
 .text.BSP_I2C1_DeInit
                0x0000000008003bec       0x34 Drivers/BSP/SensorTile.box/SensorTile.box_bus.o
                0x0000000008003bec                BSP_I2C1_DeInit
 .text.BSP_I2C1_WriteReg
                0x0000000008003c20       0x30 Drivers/BSP/SensorTile.box/SensorTile.box_bus.o
                0x0000000008003c20                BSP_I2C1_WriteReg
 .text.BSP_I2C1_ReadReg
                0x0000000008003c50       0x30 Drivers/BSP/SensorTile.box/SensorTile.box_bus.o
                0x0000000008003c50                BSP_I2C1_ReadReg
 .text.BSP_SPI1_DeInit
                0x0000000008003c80       0x34 Drivers/BSP/SensorTile.box/SensorTile.box_bus.o
                0x0000000008003c80                BSP_SPI1_DeInit
 .text.BSP_SPI1_Send
                0x0000000008003cb4       0x24 Drivers/BSP/SensorTile.box/SensorTile.box_bus.o
                0x0000000008003cb4                BSP_SPI1_Send
 .text.BSP_SPI1_Recv
                0x0000000008003cd8       0x24 Drivers/BSP/SensorTile.box/SensorTile.box_bus.o
                0x0000000008003cd8                BSP_SPI1_Recv
 .text.BSP_SPI3_DeInit
                0x0000000008003cfc       0x34 Drivers/BSP/SensorTile.box/SensorTile.box_bus.o
                0x0000000008003cfc                BSP_SPI3_DeInit
 .text.BSP_SPI3_Send
                0x0000000008003d30       0x24 Drivers/BSP/SensorTile.box/SensorTile.box_bus.o
                0x0000000008003d30                BSP_SPI3_Send
 .text.BSP_GetTick
                0x0000000008003d54        0x4 Drivers/BSP/SensorTile.box/SensorTile.box_bus.o
                0x0000000008003d54                BSP_GetTick
 .text.MX_SPI1_Init
                0x0000000008003d58       0x44 Drivers/BSP/SensorTile.box/SensorTile.box_bus.o
                0x0000000008003d58                MX_SPI1_Init
 .text.BSP_SPI1_Init
                0x0000000008003d9c       0x7c Drivers/BSP/SensorTile.box/SensorTile.box_bus.o
                0x0000000008003d9c                BSP_SPI1_Init
 .text.MX_SPI3_Init
                0x0000000008003e18       0x5c Drivers/BSP/SensorTile.box/SensorTile.box_bus.o
                0x0000000008003e18                MX_SPI3_Init
 .text.BSP_SPI3_Init
                0x0000000008003e74       0x7c Drivers/BSP/SensorTile.box/SensorTile.box_bus.o
                0x0000000008003e74                BSP_SPI3_Init
 .text.MX_I2C1_Init
                0x0000000008003ef0       0x50 Drivers/BSP/SensorTile.box/SensorTile.box_bus.o
                0x0000000008003ef0                MX_I2C1_Init
 .text.BSP_I2C1_Init
                0x0000000008003f40       0x84 Drivers/BSP/SensorTile.box/SensorTile.box_bus.o
                0x0000000008003f40                BSP_I2C1_Init
 .text.BSP_ENV_SENSOR_Init
                0x0000000008003fc4      0x2d4 Drivers/BSP/SensorTile.box/SensorTile.box_env_sensors.o
                0x0000000008003fc4                BSP_ENV_SENSOR_Init
 .text.BSP_ENV_SENSOR_DeInit
                0x0000000008004298       0x30 Drivers/BSP/SensorTile.box/SensorTile.box_env_sensors.o
                0x0000000008004298                BSP_ENV_SENSOR_DeInit
 .text.BSP_ENV_SENSOR_Enable
                0x00000000080042c8       0x58 Drivers/BSP/SensorTile.box/SensorTile.box_env_sensors.o
                0x00000000080042c8                BSP_ENV_SENSOR_Enable
 .text.BSP_ENV_SENSOR_Disable
                0x0000000008004320       0x58 Drivers/BSP/SensorTile.box/SensorTile.box_env_sensors.o
                0x0000000008004320                BSP_ENV_SENSOR_Disable
 .text.BSP_ENV_SENSOR_SetOutputDataRate
                0x0000000008004378       0x58 Drivers/BSP/SensorTile.box/SensorTile.box_env_sensors.o
                0x0000000008004378                BSP_ENV_SENSOR_SetOutputDataRate
 .text.BSP_ENV_SENSOR_GetValue
                0x00000000080043d0       0x58 Drivers/BSP/SensorTile.box/SensorTile.box_env_sensors.o
                0x00000000080043d0                BSP_ENV_SENSOR_GetValue
 .text.BSP_LIS2MDL_WriteReg
                0x0000000008004428       0x54 Drivers/BSP/SensorTile.box/SensorTile.box_motion_sensors.o
 .text.BSP_LIS2MDL_DeInit
                0x000000000800447c       0x10 Drivers/BSP/SensorTile.box/SensorTile.box_motion_sensors.o
 .text.BSP_LIS2MDL_Init
                0x000000000800448c       0x58 Drivers/BSP/SensorTile.box/SensorTile.box_motion_sensors.o
 .text.BSP_LSM6DSOX_WriteReg
                0x00000000080044e4       0x54 Drivers/BSP/SensorTile.box/SensorTile.box_motion_sensors.o
 .text.BSP_LSM6DSOX_ReadReg
                0x0000000008004538       0x58 Drivers/BSP/SensorTile.box/SensorTile.box_motion_sensors.o
 .text.BSP_LSM6DSOX_DeInit
                0x0000000008004590       0x10 Drivers/BSP/SensorTile.box/SensorTile.box_motion_sensors.o
 .text.BSP_LSM6DSOX_Init
                0x00000000080045a0       0x58 Drivers/BSP/SensorTile.box/SensorTile.box_motion_sensors.o
 .text.BSP_LIS2MDL_ReadReg
                0x00000000080045f8       0xfc Drivers/BSP/SensorTile.box/SensorTile.box_motion_sensors.o
 .text.BSP_MOTION_SENSOR_Init
                0x00000000080046f4      0x2f0 Drivers/BSP/SensorTile.box/SensorTile.box_motion_sensors.o
                0x00000000080046f4                BSP_MOTION_SENSOR_Init
 .text.BSP_MOTION_SENSOR_DeInit
                0x00000000080049e4       0x30 Drivers/BSP/SensorTile.box/SensorTile.box_motion_sensors.o
                0x00000000080049e4                BSP_MOTION_SENSOR_DeInit
 .text.BSP_MOTION_SENSOR_Enable
                0x0000000008004a14       0x58 Drivers/BSP/SensorTile.box/SensorTile.box_motion_sensors.o
                0x0000000008004a14                BSP_MOTION_SENSOR_Enable
 .text.BSP_MOTION_SENSOR_Disable
                0x0000000008004a6c       0x58 Drivers/BSP/SensorTile.box/SensorTile.box_motion_sensors.o
                0x0000000008004a6c                BSP_MOTION_SENSOR_Disable
 .text.BSP_MOTION_SENSOR_GetAxes
                0x0000000008004ac4       0x58 Drivers/BSP/SensorTile.box/SensorTile.box_motion_sensors.o
                0x0000000008004ac4                BSP_MOTION_SENSOR_GetAxes
 .text.BSP_MOTION_SENSOR_GetOutputDataRate
                0x0000000008004b1c       0x58 Drivers/BSP/SensorTile.box/SensorTile.box_motion_sensors.o
                0x0000000008004b1c                BSP_MOTION_SENSOR_GetOutputDataRate
 .text.BSP_MOTION_SENSOR_GetFullScale
                0x0000000008004b74       0x58 Drivers/BSP/SensorTile.box/SensorTile.box_motion_sensors.o
                0x0000000008004b74                BSP_MOTION_SENSOR_GetFullScale
 .text.BSP_MOTION_SENSOR_SetOutputDataRate
                0x0000000008004bcc       0x58 Drivers/BSP/SensorTile.box/SensorTile.box_motion_sensors.o
                0x0000000008004bcc                BSP_MOTION_SENSOR_SetOutputDataRate
 .text.BSP_MOTION_SENSOR_SetFullScale
                0x0000000008004c24       0x58 Drivers/BSP/SensorTile.box/SensorTile.box_motion_sensors.o
                0x0000000008004c24                BSP_MOTION_SENSOR_SetFullScale
 .text.BSP_MOTION_SENSOR_Read_Register
                0x0000000008004c7c       0x34 Drivers/BSP/SensorTile.box/SensorTile.box_motion_sensors_ex.o
                0x0000000008004c7c                BSP_MOTION_SENSOR_Read_Register
 .text.BSP_MOTION_SENSOR_Write_Register
                0x0000000008004cb0       0x34 Drivers/BSP/SensorTile.box/SensorTile.box_motion_sensors_ex.o
                0x0000000008004cb0                BSP_MOTION_SENSOR_Write_Register
 .text.BSP_MOTION_SENSOR_Set_DRDY_Mode
                0x0000000008004ce4       0x24 Drivers/BSP/SensorTile.box/SensorTile.box_motion_sensors_ex.o
                0x0000000008004ce4                BSP_MOTION_SENSOR_Set_DRDY_Mode
 .text.BSP_MOTION_SENSOR_Set_Pin_INT1_Route
                0x0000000008004d08       0x34 Drivers/BSP/SensorTile.box/SensorTile.box_motion_sensors_ex.o
                0x0000000008004d08                BSP_MOTION_SENSOR_Set_Pin_INT1_Route
 .text.BSP_SD_Init
                0x0000000008004d3c       0xa8 Drivers/BSP/SensorTile.box/SensorTile.box_sd.o
                0x0000000008004d3c                BSP_SD_Init
 .text.BSP_SD_ReadBlocks_DMA
                0x0000000008004de4       0x1c Drivers/BSP/SensorTile.box/SensorTile.box_sd.o
                0x0000000008004de4                BSP_SD_ReadBlocks_DMA
 .text.BSP_SD_WriteBlocks_DMA
                0x0000000008004e00       0x1c Drivers/BSP/SensorTile.box/SensorTile.box_sd.o
                0x0000000008004e00                BSP_SD_WriteBlocks_DMA
 .text.HAL_SD_MspInit
                0x0000000008004e1c       0xe4 Drivers/BSP/SensorTile.box/SensorTile.box_sd.o
                0x0000000008004e1c                HAL_SD_MspInit
 .text.BSP_SD_GetCardState
                0x0000000008004f00       0x14 Drivers/BSP/SensorTile.box/SensorTile.box_sd.o
                0x0000000008004f00                BSP_SD_GetCardState
 .text.BSP_SD_GetCardInfo
                0x0000000008004f14        0xc Drivers/BSP/SensorTile.box/SensorTile.box_sd.o
                0x0000000008004f14                BSP_SD_GetCardInfo
 .text.HAL_SDEx_DriveTransceiver_1_8V_Callback
                0x0000000008004f20       0x1c Drivers/BSP/SensorTile.box/SensorTile.box_sd.o
                0x0000000008004f20                HAL_SDEx_DriveTransceiver_1_8V_Callback
 .text.HAL_SD_TxCpltCallback
                0x0000000008004f3c        0x8 Drivers/BSP/SensorTile.box/SensorTile.box_sd.o
                0x0000000008004f3c                HAL_SD_TxCpltCallback
 .text.HAL_SD_RxCpltCallback
                0x0000000008004f44        0x8 Drivers/BSP/SensorTile.box/SensorTile.box_sd.o
                0x0000000008004f44                HAL_SD_RxCpltCallback
 .text.SystemInit
                0x0000000008004f4c       0x50 Drivers/CMSIS/system_stm32l4xx.o
                0x0000000008004f4c                SystemInit
 .text.HAL_MspInit
                0x0000000008004f9c        0x4 Drivers/STM32L4xx_HAL_Driver/stm32l4xx_hal.o
                0x0000000008004f9c                HAL_MspInit
 .text.HAL_InitTick
                0x0000000008004fa0       0x48 Drivers/STM32L4xx_HAL_Driver/stm32l4xx_hal.o
                0x0000000008004fa0                HAL_InitTick
 .text.HAL_Init
                0x0000000008004fe8       0x20 Drivers/STM32L4xx_HAL_Driver/stm32l4xx_hal.o
                0x0000000008004fe8                HAL_Init
 .text.HAL_IncTick
                0x0000000008005008       0x18 Drivers/STM32L4xx_HAL_Driver/stm32l4xx_hal.o
                0x0000000008005008                HAL_IncTick
 .text.HAL_GetTick
                0x0000000008005020        0xc Drivers/STM32L4xx_HAL_Driver/stm32l4xx_hal.o
                0x0000000008005020                HAL_GetTick
 .text.HAL_Delay
                0x000000000800502c       0x24 Drivers/STM32L4xx_HAL_Driver/stm32l4xx_hal.o
                0x000000000800502c                HAL_Delay
 .text.HAL_NVIC_SetPriorityGrouping
                0x0000000008005050       0x28 Drivers/STM32L4xx_HAL_Driver/stm32l4xx_hal_cortex.o
                0x0000000008005050                HAL_NVIC_SetPriorityGrouping
 .text.HAL_NVIC_SetPriority
                0x0000000008005078       0x70 Drivers/STM32L4xx_HAL_Driver/stm32l4xx_hal_cortex.o
                0x0000000008005078                HAL_NVIC_SetPriority
 .text.HAL_NVIC_EnableIRQ
                0x00000000080050e8       0x1c Drivers/STM32L4xx_HAL_Driver/stm32l4xx_hal_cortex.o
                0x00000000080050e8                HAL_NVIC_EnableIRQ
 .text.HAL_SYSTICK_Config
                0x0000000008005104       0x34 Drivers/STM32L4xx_HAL_Driver/stm32l4xx_hal_cortex.o
                0x0000000008005104                HAL_SYSTICK_Config
 .text.HAL_GPIO_Init
                0x0000000008005138      0x220 Drivers/STM32L4xx_HAL_Driver/stm32l4xx_hal_gpio.o
                0x0000000008005138                HAL_GPIO_Init
 .text.HAL_GPIO_DeInit
                0x0000000008005358      0x16c Drivers/STM32L4xx_HAL_Driver/stm32l4xx_hal_gpio.o
                0x0000000008005358                HAL_GPIO_DeInit
 .text.HAL_GPIO_ReadPin
                0x00000000080054c4        0xc Drivers/STM32L4xx_HAL_Driver/stm32l4xx_hal_gpio.o
                0x00000000080054c4                HAL_GPIO_ReadPin
 .text.HAL_GPIO_WritePin
                0x00000000080054d0        0xc Drivers/STM32L4xx_HAL_Driver/stm32l4xx_hal_gpio.o
                0x00000000080054d0                HAL_GPIO_WritePin
 .text.HAL_GPIO_EXTI_IRQHandler
                0x00000000080054dc       0x18 Drivers/STM32L4xx_HAL_Driver/stm32l4xx_hal_gpio.o
                0x00000000080054dc                HAL_GPIO_EXTI_IRQHandler
 .text.I2C_WaitOnTXISFlagUntilTimeout
                0x00000000080054f4       0xa8 Drivers/STM32L4xx_HAL_Driver/stm32l4xx_hal_i2c.o
 .text.I2C_WaitOnSTOPFlagUntilTimeout
                0x000000000800559c       0xac Drivers/STM32L4xx_HAL_Driver/stm32l4xx_hal_i2c.o
 .text.HAL_I2C_MspInit
                0x0000000008005648        0x4 Drivers/STM32L4xx_HAL_Driver/stm32l4xx_hal_i2c.o
                0x0000000008005648                HAL_I2C_MspInit
 .text.HAL_I2C_Init
                0x000000000800564c       0xa8 Drivers/STM32L4xx_HAL_Driver/stm32l4xx_hal_i2c.o
                0x000000000800564c                HAL_I2C_Init
 .text.HAL_I2C_MspDeInit
                0x00000000080056f4        0x4 Drivers/STM32L4xx_HAL_Driver/stm32l4xx_hal_i2c.o
                0x00000000080056f4                HAL_I2C_MspDeInit
 .text.HAL_I2C_DeInit
                0x00000000080056f8       0x34 Drivers/STM32L4xx_HAL_Driver/stm32l4xx_hal_i2c.o
                0x00000000080056f8                HAL_I2C_DeInit
 .text.HAL_I2C_Mem_Write
                0x000000000800572c      0x25c Drivers/STM32L4xx_HAL_Driver/stm32l4xx_hal_i2c.o
                0x000000000800572c                HAL_I2C_Mem_Write
 .text.HAL_I2C_Mem_Read
                0x0000000008005988      0x264 Drivers/STM32L4xx_HAL_Driver/stm32l4xx_hal_i2c.o
                0x0000000008005988                HAL_I2C_Mem_Read
 .text.HAL_I2C_GetState
                0x0000000008005bec        0x8 Drivers/STM32L4xx_HAL_Driver/stm32l4xx_hal_i2c.o
                0x0000000008005bec                HAL_I2C_GetState
 .text.HAL_I2CEx_ConfigAnalogFilter
                0x0000000008005bf4       0x58 Drivers/STM32L4xx_HAL_Driver/stm32l4xx_hal_i2c_ex.o
                0x0000000008005bf4                HAL_I2CEx_ConfigAnalogFilter
 .text.HAL_I2CEx_ConfigDigitalFilter
                0x0000000008005c4c       0x54 Drivers/STM32L4xx_HAL_Driver/stm32l4xx_hal_i2c_ex.o
                0x0000000008005c4c                HAL_I2CEx_ConfigDigitalFilter
 .text.HAL_PCD_Init
                0x0000000008005ca0      0x128 Drivers/STM32L4xx_HAL_Driver/stm32l4xx_hal_pcd.o
                0x0000000008005ca0                HAL_PCD_Init
 .text.HAL_PCD_DeInit
                0x0000000008005dc8       0x5c Drivers/STM32L4xx_HAL_Driver/stm32l4xx_hal_pcd.o
                0x0000000008005dc8                HAL_PCD_DeInit
 .text.HAL_PCD_Start
                0x0000000008005e24       0x38 Drivers/STM32L4xx_HAL_Driver/stm32l4xx_hal_pcd.o
                0x0000000008005e24                HAL_PCD_Start
 .text.HAL_PCD_Stop
                0x0000000008005e5c       0x44 Drivers/STM32L4xx_HAL_Driver/stm32l4xx_hal_pcd.o
                0x0000000008005e5c                HAL_PCD_Stop
 .text.HAL_PCD_IRQHandler
                0x0000000008005ea0      0x578 Drivers/STM32L4xx_HAL_Driver/stm32l4xx_hal_pcd.o
                0x0000000008005ea0                HAL_PCD_IRQHandler
 .text.HAL_PCD_SetAddress
                0x0000000008006418       0x28 Drivers/STM32L4xx_HAL_Driver/stm32l4xx_hal_pcd.o
                0x0000000008006418                HAL_PCD_SetAddress
 .text.HAL_PCD_EP_Open
                0x0000000008006440       0x6c Drivers/STM32L4xx_HAL_Driver/stm32l4xx_hal_pcd.o
                0x0000000008006440                HAL_PCD_EP_Open
 .text.HAL_PCD_EP_Close
                0x00000000080064ac       0x60 Drivers/STM32L4xx_HAL_Driver/stm32l4xx_hal_pcd.o
                0x00000000080064ac                HAL_PCD_EP_Close
 .text.HAL_PCD_EP_Receive
                0x000000000800650c       0x44 Drivers/STM32L4xx_HAL_Driver/stm32l4xx_hal_pcd.o
                0x000000000800650c                HAL_PCD_EP_Receive
 .text.HAL_PCD_EP_GetRxCount
                0x0000000008006550       0x14 Drivers/STM32L4xx_HAL_Driver/stm32l4xx_hal_pcd.o
                0x0000000008006550                HAL_PCD_EP_GetRxCount
 .text.HAL_PCD_EP_Transmit
                0x0000000008006564       0x3c Drivers/STM32L4xx_HAL_Driver/stm32l4xx_hal_pcd.o
                0x0000000008006564                HAL_PCD_EP_Transmit
 .text.HAL_PCD_EP_SetStall
                0x00000000080065a0       0x84 Drivers/STM32L4xx_HAL_Driver/stm32l4xx_hal_pcd.o
                0x00000000080065a0                HAL_PCD_EP_SetStall
 .text.HAL_PCD_EP_ClrStall
                0x0000000008006624       0x74 Drivers/STM32L4xx_HAL_Driver/stm32l4xx_hal_pcd.o
                0x0000000008006624                HAL_PCD_EP_ClrStall
 .text.HAL_PCDEx_SetTxFiFo
                0x0000000008006698       0x48 Drivers/STM32L4xx_HAL_Driver/stm32l4xx_hal_pcd_ex.o
                0x0000000008006698                HAL_PCDEx_SetTxFiFo
 .text.HAL_PCDEx_SetRxFiFo
                0x00000000080066e0        0x8 Drivers/STM32L4xx_HAL_Driver/stm32l4xx_hal_pcd_ex.o
                0x00000000080066e0                HAL_PCDEx_SetRxFiFo
 .text.HAL_PCDEx_ActivateLPM
                0x00000000080066e8       0x2c Drivers/STM32L4xx_HAL_Driver/stm32l4xx_hal_pcd_ex.o
                0x00000000080066e8                HAL_PCDEx_ActivateLPM
 .text.HAL_PCDEx_LPM_Callback
                0x0000000008006714        0x4 Drivers/STM32L4xx_HAL_Driver/stm32l4xx_hal_pcd_ex.o
                0x0000000008006714                HAL_PCDEx_LPM_Callback
 .text.HAL_PWR_EnableBkUpAccess
                0x0000000008006718       0x10 Drivers/STM32L4xx_HAL_Driver/stm32l4xx_hal_pwr.o
                0x0000000008006718                HAL_PWR_EnableBkUpAccess
 .text.HAL_PWREx_GetVoltageRange
                0x0000000008006728       0x24 Drivers/STM32L4xx_HAL_Driver/stm32l4xx_hal_pwr_ex.o
                0x0000000008006728                HAL_PWREx_GetVoltageRange
 .text.HAL_PWREx_EnableVddUSB
                0x000000000800674c       0x10 Drivers/STM32L4xx_HAL_Driver/stm32l4xx_hal_pwr_ex.o
                0x000000000800674c                HAL_PWREx_EnableVddUSB
 .text.HAL_PWREx_EnableVddIO2
                0x000000000800675c       0x10 Drivers/STM32L4xx_HAL_Driver/stm32l4xx_hal_pwr_ex.o
                0x000000000800675c                HAL_PWREx_EnableVddIO2
 .text.RCC_SetFlashLatencyFromMSIRange
                0x000000000800676c       0x84 Drivers/STM32L4xx_HAL_Driver/stm32l4xx_hal_rcc.o
 .text.HAL_RCC_GetSysClockFreq
                0x00000000080067f0       0xa0 Drivers/STM32L4xx_HAL_Driver/stm32l4xx_hal_rcc.o
                0x00000000080067f0                HAL_RCC_GetSysClockFreq
 .text.HAL_RCC_OscConfig
                0x0000000008006890      0x62c Drivers/STM32L4xx_HAL_Driver/stm32l4xx_hal_rcc.o
                0x0000000008006890                HAL_RCC_OscConfig
 .text.HAL_RCC_ClockConfig
                0x0000000008006ebc      0x234 Drivers/STM32L4xx_HAL_Driver/stm32l4xx_hal_rcc.o
                0x0000000008006ebc                HAL_RCC_ClockConfig
 .text.HAL_RCC_GetHCLKFreq
                0x00000000080070f0        0xc Drivers/STM32L4xx_HAL_Driver/stm32l4xx_hal_rcc.o
                0x00000000080070f0                HAL_RCC_GetHCLKFreq
 .text.RCCEx_PLLSAI1_Config
                0x00000000080070fc      0x124 Drivers/STM32L4xx_HAL_Driver/stm32l4xx_hal_rcc_ex.o
 .text.RCCEx_PLLSAI2_Config
                0x0000000008007220      0x124 Drivers/STM32L4xx_HAL_Driver/stm32l4xx_hal_rcc_ex.o
 .text.HAL_RCCEx_PeriphCLKConfig
                0x0000000008007344      0x534 Drivers/STM32L4xx_HAL_Driver/stm32l4xx_hal_rcc_ex.o
                0x0000000008007344                HAL_RCCEx_PeriphCLKConfig
 .text.HAL_RCCEx_DisableLSECSS
                0x0000000008007878       0x1c Drivers/STM32L4xx_HAL_Driver/stm32l4xx_hal_rcc_ex.o
                0x0000000008007878                HAL_RCCEx_DisableLSECSS
 .text.HAL_RCCEx_EnableMSIPLLMode
                0x0000000008007894       0x10 Drivers/STM32L4xx_HAL_Driver/stm32l4xx_hal_rcc_ex.o
                0x0000000008007894                HAL_RCCEx_EnableMSIPLLMode
 .text.HAL_RTC_GetTime
                0x00000000080078a4       0x68 Drivers/STM32L4xx_HAL_Driver/stm32l4xx_hal_rtc.o
                0x00000000080078a4                HAL_RTC_GetTime
 .text.HAL_RTC_GetDate
                0x000000000800790c       0x5c Drivers/STM32L4xx_HAL_Driver/stm32l4xx_hal_rtc.o
                0x000000000800790c                HAL_RTC_GetDate
 .text.RTC_ExitInitMode
                0x0000000008007968       0x90 Drivers/STM32L4xx_HAL_Driver/stm32l4xx_hal_rtc.o
                0x0000000008007968                RTC_ExitInitMode
 .text.HAL_RTC_Init
                0x00000000080079f8       0xbc Drivers/STM32L4xx_HAL_Driver/stm32l4xx_hal_rtc.o
                0x00000000080079f8                HAL_RTC_Init
 .text.HAL_RTC_SetTime
                0x0000000008007ab4      0x13c Drivers/STM32L4xx_HAL_Driver/stm32l4xx_hal_rtc.o
                0x0000000008007ab4                HAL_RTC_SetTime
 .text.HAL_RTC_SetDate
                0x0000000008007bf0      0x114 Drivers/STM32L4xx_HAL_Driver/stm32l4xx_hal_rtc.o
                0x0000000008007bf0                HAL_RTC_SetDate
 .text.SD_FindSCR
                0x0000000008007d04       0xdc Drivers/STM32L4xx_HAL_Driver/stm32l4xx_hal_sd.o
 .text.HAL_SD_ReadBlocks_DMA
                0x0000000008007de0       0xfc Drivers/STM32L4xx_HAL_Driver/stm32l4xx_hal_sd.o
                0x0000000008007de0                HAL_SD_ReadBlocks_DMA
 .text.HAL_SD_WriteBlocks_DMA
                0x0000000008007edc       0xf8 Drivers/STM32L4xx_HAL_Driver/stm32l4xx_hal_sd.o
                0x0000000008007edc                HAL_SD_WriteBlocks_DMA
 .text.HAL_SD_ErrorCallback
                0x0000000008007fd4        0x4 Drivers/STM32L4xx_HAL_Driver/stm32l4xx_hal_sd.o
                0x0000000008007fd4                HAL_SD_ErrorCallback
 .text.HAL_SD_IRQHandler
                0x0000000008007fd8      0x29c Drivers/STM32L4xx_HAL_Driver/stm32l4xx_hal_sd.o
                0x0000000008007fd8                HAL_SD_IRQHandler
 .text.HAL_SD_GetCardCSD
                0x0000000008008274      0x174 Drivers/STM32L4xx_HAL_Driver/stm32l4xx_hal_sd.o
                0x0000000008008274                HAL_SD_GetCardCSD
 .text.HAL_SD_InitCard
                0x00000000080083e8      0x2c4 Drivers/STM32L4xx_HAL_Driver/stm32l4xx_hal_sd.o
                0x00000000080083e8                HAL_SD_InitCard
 .text.HAL_SD_GetCardStatus
                0x00000000080086ac      0x19c Drivers/STM32L4xx_HAL_Driver/stm32l4xx_hal_sd.o
                0x00000000080086ac                HAL_SD_GetCardStatus
 .text.HAL_SD_GetCardInfo
                0x0000000008008848       0x28 Drivers/STM32L4xx_HAL_Driver/stm32l4xx_hal_sd.o
                0x0000000008008848                HAL_SD_GetCardInfo
 .text.HAL_SD_ConfigWideBusOperation
                0x0000000008008870      0x14c Drivers/STM32L4xx_HAL_Driver/stm32l4xx_hal_sd.o
                0x0000000008008870                HAL_SD_ConfigWideBusOperation
 .text.HAL_SD_Init
                0x00000000080089bc       0xc8 Drivers/STM32L4xx_HAL_Driver/stm32l4xx_hal_sd.o
                0x00000000080089bc                HAL_SD_Init
 .text.HAL_SD_GetCardState
                0x0000000008008a84       0x28 Drivers/STM32L4xx_HAL_Driver/stm32l4xx_hal_sd.o
                0x0000000008008a84                HAL_SD_GetCardState
 .text.HAL_SDEx_Read_DMADoubleBuffer0CpltCallback
                0x0000000008008aac        0x4 Drivers/STM32L4xx_HAL_Driver/stm32l4xx_hal_sd_ex.o
                0x0000000008008aac                HAL_SDEx_Read_DMADoubleBuffer0CpltCallback
 .text.HAL_SDEx_Read_DMADoubleBuffer1CpltCallback
                0x0000000008008ab0        0x4 Drivers/STM32L4xx_HAL_Driver/stm32l4xx_hal_sd_ex.o
                0x0000000008008ab0                HAL_SDEx_Read_DMADoubleBuffer1CpltCallback
 .text.HAL_SDEx_Write_DMADoubleBuffer0CpltCallback
                0x0000000008008ab4        0x4 Drivers/STM32L4xx_HAL_Driver/stm32l4xx_hal_sd_ex.o
                0x0000000008008ab4                HAL_SDEx_Write_DMADoubleBuffer0CpltCallback
 .text.HAL_SDEx_Write_DMADoubleBuffer1CpltCallback
                0x0000000008008ab8        0x4 Drivers/STM32L4xx_HAL_Driver/stm32l4xx_hal_sd_ex.o
                0x0000000008008ab8                HAL_SDEx_Write_DMADoubleBuffer1CpltCallback
 .text.SPI_EndRxTxTransaction
                0x0000000008008abc       0xcc Drivers/STM32L4xx_HAL_Driver/stm32l4xx_hal_spi.o
 .text.HAL_SPI_MspInit
                0x0000000008008b88        0x4 Drivers/STM32L4xx_HAL_Driver/stm32l4xx_hal_spi.o
                0x0000000008008b88                HAL_SPI_MspInit
 .text.HAL_SPI_Init
                0x0000000008008b8c       0xf8 Drivers/STM32L4xx_HAL_Driver/stm32l4xx_hal_spi.o
                0x0000000008008b8c                HAL_SPI_Init
 .text.HAL_SPI_MspDeInit
                0x0000000008008c84        0x4 Drivers/STM32L4xx_HAL_Driver/stm32l4xx_hal_spi.o
                0x0000000008008c84                HAL_SPI_MspDeInit
 .text.HAL_SPI_DeInit
                0x0000000008008c88       0x2c Drivers/STM32L4xx_HAL_Driver/stm32l4xx_hal_spi.o
                0x0000000008008c88                HAL_SPI_DeInit
 .text.HAL_SPI_Transmit
                0x0000000008008cb4      0x264 Drivers/STM32L4xx_HAL_Driver/stm32l4xx_hal_spi.o
                0x0000000008008cb4                HAL_SPI_Transmit
 .text.HAL_SPI_TransmitReceive
                0x0000000008008f18      0x430 Drivers/STM32L4xx_HAL_Driver/stm32l4xx_hal_spi.o
                0x0000000008008f18                HAL_SPI_TransmitReceive
 .text.HAL_SPI_Receive
                0x0000000008009348      0x454 Drivers/STM32L4xx_HAL_Driver/stm32l4xx_hal_spi.o
                0x0000000008009348                HAL_SPI_Receive
 .text.HAL_SPI_GetState
                0x000000000800979c        0x8 Drivers/STM32L4xx_HAL_Driver/stm32l4xx_hal_spi.o
                0x000000000800979c                HAL_SPI_GetState
 .text.TIM_OC1_SetConfig
                0x00000000080097a4       0x7c Drivers/STM32L4xx_HAL_Driver/stm32l4xx_hal_tim.o
 .text.TIM_OC3_SetConfig
                0x0000000008009820       0x80 Drivers/STM32L4xx_HAL_Driver/stm32l4xx_hal_tim.o
 .text.HAL_TIM_Base_Init
                0x00000000080098a0       0xe4 Drivers/STM32L4xx_HAL_Driver/stm32l4xx_hal_tim.o
                0x00000000080098a0                HAL_TIM_Base_Init
 .text.HAL_TIM_Base_Start_IT
                0x0000000008009984       0x2c Drivers/STM32L4xx_HAL_Driver/stm32l4xx_hal_tim.o
                0x0000000008009984                HAL_TIM_Base_Start_IT
 .text.HAL_TIM_Base_Stop_IT
                0x00000000080099b0       0x2c Drivers/STM32L4xx_HAL_Driver/stm32l4xx_hal_tim.o
                0x00000000080099b0                HAL_TIM_Base_Stop_IT
 .text.HAL_TIM_OC_Init
                0x00000000080099dc       0xe4 Drivers/STM32L4xx_HAL_Driver/stm32l4xx_hal_tim.o
                0x00000000080099dc                HAL_TIM_OC_Init
 .text.HAL_TIM_OC_Start_IT
                0x0000000008009ac0       0xc0 Drivers/STM32L4xx_HAL_Driver/stm32l4xx_hal_tim.o
                0x0000000008009ac0                HAL_TIM_OC_Start_IT
 .text.HAL_TIM_OC_Stop_IT
                0x0000000008009b80       0xd0 Drivers/STM32L4xx_HAL_Driver/stm32l4xx_hal_tim.o
                0x0000000008009b80                HAL_TIM_OC_Stop_IT
 .text.HAL_TIM_ConfigClockSource
                0x0000000008009c50      0x14c Drivers/STM32L4xx_HAL_Driver/stm32l4xx_hal_tim.o
                0x0000000008009c50                HAL_TIM_ConfigClockSource
 .text.HAL_TIM_ReadCapturedValue
                0x0000000008009d9c       0x34 Drivers/STM32L4xx_HAL_Driver/stm32l4xx_hal_tim.o
                0x0000000008009d9c                HAL_TIM_ReadCapturedValue
 .text.HAL_TIM_IC_CaptureCallback
                0x0000000008009dd0        0x4 Drivers/STM32L4xx_HAL_Driver/stm32l4xx_hal_tim.o
                0x0000000008009dd0                HAL_TIM_IC_CaptureCallback
 .text.HAL_TIM_PWM_PulseFinishedCallback
                0x0000000008009dd4        0x4 Drivers/STM32L4xx_HAL_Driver/stm32l4xx_hal_tim.o
                0x0000000008009dd4                HAL_TIM_PWM_PulseFinishedCallback
 .text.HAL_TIM_TriggerCallback
                0x0000000008009dd8        0x4 Drivers/STM32L4xx_HAL_Driver/stm32l4xx_hal_tim.o
                0x0000000008009dd8                HAL_TIM_TriggerCallback
 .text.HAL_TIM_IRQHandler
                0x0000000008009ddc      0x170 Drivers/STM32L4xx_HAL_Driver/stm32l4xx_hal_tim.o
                0x0000000008009ddc                HAL_TIM_IRQHandler
 .text.TIM_OC2_SetConfig
                0x0000000008009f4c       0x80 Drivers/STM32L4xx_HAL_Driver/stm32l4xx_hal_tim.o
                0x0000000008009f4c                TIM_OC2_SetConfig
 .text.HAL_TIM_OC_ConfigChannel
                0x0000000008009fcc      0x1dc Drivers/STM32L4xx_HAL_Driver/stm32l4xx_hal_tim.o
                0x0000000008009fcc                HAL_TIM_OC_ConfigChannel
 .text.HAL_TIMEx_MasterConfigSynchronization
                0x000000000800a1a8       0x90 Drivers/STM32L4xx_HAL_Driver/stm32l4xx_hal_tim_ex.o
                0x000000000800a1a8                HAL_TIMEx_MasterConfigSynchronization
 .text.HAL_TIMEx_CommutCallback
                0x000000000800a238        0x4 Drivers/STM32L4xx_HAL_Driver/stm32l4xx_hal_tim_ex.o
                0x000000000800a238                HAL_TIMEx_CommutCallback
 .text.HAL_TIMEx_BreakCallback
                0x000000000800a23c        0x4 Drivers/STM32L4xx_HAL_Driver/stm32l4xx_hal_tim_ex.o
                0x000000000800a23c                HAL_TIMEx_BreakCallback
 .text.HAL_TIMEx_Break2Callback
                0x000000000800a240        0x4 Drivers/STM32L4xx_HAL_Driver/stm32l4xx_hal_tim_ex.o
                0x000000000800a240                HAL_TIMEx_Break2Callback
 .text.SDMMC_Init
                0x000000000800a244       0x34 Drivers/STM32L4xx_HAL_Driver/stm32l4xx_ll_sdmmc.o
                0x000000000800a244                SDMMC_Init
 .text.SDMMC_ReadFIFO
                0x000000000800a278        0x8 Drivers/STM32L4xx_HAL_Driver/stm32l4xx_ll_sdmmc.o
                0x000000000800a278                SDMMC_ReadFIFO
 .text.SDMMC_WriteFIFO
                0x000000000800a280        0xc Drivers/STM32L4xx_HAL_Driver/stm32l4xx_ll_sdmmc.o
                0x000000000800a280                SDMMC_WriteFIFO
 .text.SDMMC_PowerState_ON
                0x000000000800a28c       0x18 Drivers/STM32L4xx_HAL_Driver/stm32l4xx_ll_sdmmc.o
                0x000000000800a28c                SDMMC_PowerState_ON
 .text.SDMMC_GetPowerState
                0x000000000800a2a4        0x8 Drivers/STM32L4xx_HAL_Driver/stm32l4xx_ll_sdmmc.o
                0x000000000800a2a4                SDMMC_GetPowerState
 .text.SDMMC_GetResponse
                0x000000000800a2ac        0x8 Drivers/STM32L4xx_HAL_Driver/stm32l4xx_ll_sdmmc.o
                0x000000000800a2ac                SDMMC_GetResponse
 .text.SDMMC_ConfigData
                0x000000000800a2b4       0x28 Drivers/STM32L4xx_HAL_Driver/stm32l4xx_ll_sdmmc.o
                0x000000000800a2b4                SDMMC_ConfigData
 .text.SDMMC_CmdBlockLength
                0x000000000800a2dc      0x150 Drivers/STM32L4xx_HAL_Driver/stm32l4xx_ll_sdmmc.o
                0x000000000800a2dc                SDMMC_CmdBlockLength
 .text.SDMMC_CmdReadSingleBlock
                0x000000000800a42c      0x150 Drivers/STM32L4xx_HAL_Driver/stm32l4xx_ll_sdmmc.o
                0x000000000800a42c                SDMMC_CmdReadSingleBlock
 .text.SDMMC_CmdReadMultiBlock
                0x000000000800a57c      0x150 Drivers/STM32L4xx_HAL_Driver/stm32l4xx_ll_sdmmc.o
                0x000000000800a57c                SDMMC_CmdReadMultiBlock
 .text.SDMMC_CmdWriteSingleBlock
                0x000000000800a6cc      0x150 Drivers/STM32L4xx_HAL_Driver/stm32l4xx_ll_sdmmc.o
                0x000000000800a6cc                SDMMC_CmdWriteSingleBlock
 .text.SDMMC_CmdWriteMultiBlock
                0x000000000800a81c      0x150 Drivers/STM32L4xx_HAL_Driver/stm32l4xx_ll_sdmmc.o
                0x000000000800a81c                SDMMC_CmdWriteMultiBlock
 .text.SDMMC_CmdStopTransfer
                0x000000000800a96c      0x168 Drivers/STM32L4xx_HAL_Driver/stm32l4xx_ll_sdmmc.o
                0x000000000800a96c                SDMMC_CmdStopTransfer
 .text.SDMMC_CmdSelDesel
                0x000000000800aad4      0x150 Drivers/STM32L4xx_HAL_Driver/stm32l4xx_ll_sdmmc.o
                0x000000000800aad4                SDMMC_CmdSelDesel
 .text.SDMMC_CmdGoIdleState
                0x000000000800ac24       0x58 Drivers/STM32L4xx_HAL_Driver/stm32l4xx_ll_sdmmc.o
                0x000000000800ac24                SDMMC_CmdGoIdleState
 .text.SDMMC_CmdOperCond
                0x000000000800ac7c       0x84 Drivers/STM32L4xx_HAL_Driver/stm32l4xx_ll_sdmmc.o
                0x000000000800ac7c                SDMMC_CmdOperCond
 .text.SDMMC_CmdAppCommand
                0x000000000800ad00      0x150 Drivers/STM32L4xx_HAL_Driver/stm32l4xx_ll_sdmmc.o
                0x000000000800ad00                SDMMC_CmdAppCommand
 .text.SDMMC_CmdAppOperCommand
                0x000000000800ae50       0x74 Drivers/STM32L4xx_HAL_Driver/stm32l4xx_ll_sdmmc.o
                0x000000000800ae50                SDMMC_CmdAppOperCommand
 .text.SDMMC_CmdBusWidth
                0x000000000800aec4      0x150 Drivers/STM32L4xx_HAL_Driver/stm32l4xx_ll_sdmmc.o
                0x000000000800aec4                SDMMC_CmdBusWidth
 .text.SDMMC_CmdSendSCR
                0x000000000800b014      0x150 Drivers/STM32L4xx_HAL_Driver/stm32l4xx_ll_sdmmc.o
                0x000000000800b014                SDMMC_CmdSendSCR
 .text.SDMMC_CmdSendCID
                0x000000000800b164       0x80 Drivers/STM32L4xx_HAL_Driver/stm32l4xx_ll_sdmmc.o
                0x000000000800b164                SDMMC_CmdSendCID
 .text.SDMMC_CmdSendCSD
                0x000000000800b1e4       0x7c Drivers/STM32L4xx_HAL_Driver/stm32l4xx_ll_sdmmc.o
                0x000000000800b1e4                SDMMC_CmdSendCSD
 .text.SDMMC_CmdSetRelAdd
                0x000000000800b260       0xb0 Drivers/STM32L4xx_HAL_Driver/stm32l4xx_ll_sdmmc.o
                0x000000000800b260                SDMMC_CmdSetRelAdd
 .text.SDMMC_CmdSendStatus
                0x000000000800b310      0x150 Drivers/STM32L4xx_HAL_Driver/stm32l4xx_ll_sdmmc.o
                0x000000000800b310                SDMMC_CmdSendStatus
 .text.SDMMC_CmdStatusRegister
                0x000000000800b460      0x150 Drivers/STM32L4xx_HAL_Driver/stm32l4xx_ll_sdmmc.o
                0x000000000800b460                SDMMC_CmdStatusRegister
 .text.SDMMC_CmdVoltageSwitch
                0x000000000800b5b0      0x150 Drivers/STM32L4xx_HAL_Driver/stm32l4xx_ll_sdmmc.o
                0x000000000800b5b0                SDMMC_CmdVoltageSwitch
 .text.USB_CoreInit
                0x000000000800b700       0xc8 Drivers/STM32L4xx_HAL_Driver/stm32l4xx_ll_usb.o
                0x000000000800b700                USB_CoreInit
 .text.USB_SetTurnaroundTime
                0x000000000800b7c8       0xf0 Drivers/STM32L4xx_HAL_Driver/stm32l4xx_ll_usb.o
                0x000000000800b7c8                USB_SetTurnaroundTime
 .text.USB_EnableGlobalInt
                0x000000000800b8b8       0x10 Drivers/STM32L4xx_HAL_Driver/stm32l4xx_ll_usb.o
                0x000000000800b8b8                USB_EnableGlobalInt
 .text.USB_DisableGlobalInt
                0x000000000800b8c8       0x10 Drivers/STM32L4xx_HAL_Driver/stm32l4xx_ll_usb.o
                0x000000000800b8c8                USB_DisableGlobalInt
 .text.USB_SetCurrentMode
                0x000000000800b8d8       0x30 Drivers/STM32L4xx_HAL_Driver/stm32l4xx_ll_usb.o
                0x000000000800b8d8                USB_SetCurrentMode
 .text.USB_DevInit
                0x000000000800b908      0x1a4 Drivers/STM32L4xx_HAL_Driver/stm32l4xx_ll_usb.o
                0x000000000800b908                USB_DevInit
 .text.USB_FlushTxFifo
                0x000000000800baac       0x24 Drivers/STM32L4xx_HAL_Driver/stm32l4xx_ll_usb.o
                0x000000000800baac                USB_FlushTxFifo
 .text.USB_GetDevSpeed
                0x000000000800bad0       0x14 Drivers/STM32L4xx_HAL_Driver/stm32l4xx_ll_usb.o
                0x000000000800bad0                USB_GetDevSpeed
 .text.USB_ActivateEndpoint
                0x000000000800bae4       0x98 Drivers/STM32L4xx_HAL_Driver/stm32l4xx_ll_usb.o
                0x000000000800bae4                USB_ActivateEndpoint
 .text.USB_DeactivateEndpoint
                0x000000000800bb7c       0xc4 Drivers/STM32L4xx_HAL_Driver/stm32l4xx_ll_usb.o
                0x000000000800bb7c                USB_DeactivateEndpoint
 .text.USB_EPStartXfer
                0x000000000800bc40      0x1b4 Drivers/STM32L4xx_HAL_Driver/stm32l4xx_ll_usb.o
                0x000000000800bc40                USB_EPStartXfer
 .text.USB_EP0StartXfer
                0x000000000800bdf4      0x120 Drivers/STM32L4xx_HAL_Driver/stm32l4xx_ll_usb.o
                0x000000000800bdf4                USB_EP0StartXfer
 .text.USB_WritePacket
                0x000000000800bf14       0x20 Drivers/STM32L4xx_HAL_Driver/stm32l4xx_ll_usb.o
                0x000000000800bf14                USB_WritePacket
 .text.USB_ReadPacket
                0x000000000800bf34       0x24 Drivers/STM32L4xx_HAL_Driver/stm32l4xx_ll_usb.o
                0x000000000800bf34                USB_ReadPacket
 .text.USB_EPSetStall
                0x000000000800bf58       0x5c Drivers/STM32L4xx_HAL_Driver/stm32l4xx_ll_usb.o
                0x000000000800bf58                USB_EPSetStall
 .text.USB_EPClearStall
                0x000000000800bfb4       0x58 Drivers/STM32L4xx_HAL_Driver/stm32l4xx_ll_usb.o
                0x000000000800bfb4                USB_EPClearStall
 .text.USB_StopDevice
                0x000000000800c00c       0xc4 Drivers/STM32L4xx_HAL_Driver/stm32l4xx_ll_usb.o
                0x000000000800c00c                USB_StopDevice
 .text.USB_SetDevAddress
                0x000000000800c0d0       0x20 Drivers/STM32L4xx_HAL_Driver/stm32l4xx_ll_usb.o
                0x000000000800c0d0                USB_SetDevAddress
 .text.USB_DevConnect
                0x000000000800c0f0       0x1c Drivers/STM32L4xx_HAL_Driver/stm32l4xx_ll_usb.o
                0x000000000800c0f0                USB_DevConnect
 .text.USB_DevDisconnect
                0x000000000800c10c       0x1c Drivers/STM32L4xx_HAL_Driver/stm32l4xx_ll_usb.o
                0x000000000800c10c                USB_DevDisconnect
 .text.USB_ReadInterrupts
                0x000000000800c128        0x8 Drivers/STM32L4xx_HAL_Driver/stm32l4xx_ll_usb.o
                0x000000000800c128                USB_ReadInterrupts
 .text.USB_ReadDevAllOutEpInterrupt
                0x000000000800c130       0x10 Drivers/STM32L4xx_HAL_Driver/stm32l4xx_ll_usb.o
                0x000000000800c130                USB_ReadDevAllOutEpInterrupt
 .text.USB_ReadDevAllInEpInterrupt
                0x000000000800c140       0x10 Drivers/STM32L4xx_HAL_Driver/stm32l4xx_ll_usb.o
                0x000000000800c140                USB_ReadDevAllInEpInterrupt
 .text.USB_ReadDevOutEPInterrupt
                0x000000000800c150       0x14 Drivers/STM32L4xx_HAL_Driver/stm32l4xx_ll_usb.o
                0x000000000800c150                USB_ReadDevOutEPInterrupt
 .text.USB_ReadDevInEPInterrupt
                0x000000000800c164       0x28 Drivers/STM32L4xx_HAL_Driver/stm32l4xx_ll_usb.o
                0x000000000800c164                USB_ReadDevInEPInterrupt
 .text.USB_GetMode
                0x000000000800c18c        0x8 Drivers/STM32L4xx_HAL_Driver/stm32l4xx_ll_usb.o
                0x000000000800c18c                USB_GetMode
 .text.USB_ActivateSetup
                0x000000000800c194       0x20 Drivers/STM32L4xx_HAL_Driver/stm32l4xx_ll_usb.o
                0x000000000800c194                USB_ActivateSetup
 .text.USB_EP0_OutStart
                0x000000000800c1b4       0x40 Drivers/STM32L4xx_HAL_Driver/stm32l4xx_ll_usb.o
                0x000000000800c1b4                USB_EP0_OutStart
 .text.Display_Update
                0x000000000800c1f4      0x16c Example/AlgoBuilder/ab_display.o
                0x000000000800c1f4                Display_Update
 .text.Datalog_Open
                0x000000000800c360       0xe0 Example/AlgoBuilder/ab_display.o
                0x000000000800c360                Datalog_Open
 .text.Datalog_Close
                0x000000000800c440       0x20 Example/AlgoBuilder/ab_display.o
                0x000000000800c440                Datalog_Close
 .text.Datalog_Sync_Handler
                0x000000000800c460       0x40 Example/AlgoBuilder/ab_display.o
                0x000000000800c460                Datalog_Sync_Handler
 .text.Datalog_Set_RTC_Handle
                0x000000000800c4a0        0xc Example/AlgoBuilder/ab_display.o
                0x000000000800c4a0                Datalog_Set_RTC_Handle
 .text.get_fattime
                0x000000000800c4ac       0x58 Example/AlgoBuilder/ab_display.o
                0x000000000800c4ac                get_fattime
 .text.MotionFX_Update_Data
                0x000000000800c504       0xe4 Example/AlgoBuilder/ab_sensor_hub.o
 .text.Sensor_Hub_Init
                0x000000000800c5e8      0x1f8 Example/AlgoBuilder/ab_sensor_hub.o
                0x000000000800c5e8                Sensor_Hub_Init
 .text.Sensor_Hub_Handler
                0x000000000800c7e0      0x4c0 Example/AlgoBuilder/ab_sensor_hub.o
                0x000000000800c7e0                Sensor_Hub_Handler
 .text.Accelero_Init
                0x000000000800cca0       0x10 Example/AlgoBuilder/ab_sensor_hub.o
                0x000000000800cca0                Accelero_Init
 .text.Magneto_Init
                0x000000000800ccb0       0x10 Example/AlgoBuilder/ab_sensor_hub.o
                0x000000000800ccb0                Magneto_Init
 .text.Pressure_Init
                0x000000000800ccc0       0x10 Example/AlgoBuilder/ab_sensor_hub.o
                0x000000000800ccc0                Pressure_Init
 .text.Temperature_Init
                0x000000000800ccd0       0x10 Example/AlgoBuilder/ab_sensor_hub.o
                0x000000000800ccd0                Temperature_Init
 .text.Humidity_Init
                0x000000000800cce0       0x10 Example/AlgoBuilder/ab_sensor_hub.o
                0x000000000800cce0                Humidity_Init
 .text.MotionFX_Init
                0x000000000800ccf0       0x98 Example/AlgoBuilder/ab_sensor_hub.o
                0x000000000800ccf0                MotionFX_Init
 .text.MotionTL_Init
                0x000000000800cd88       0x4c Example/AlgoBuilder/ab_sensor_hub.o
                0x000000000800cd88                MotionTL_Init
 .text.Accelero_Sensor_GetData
                0x000000000800cdd4       0x10 Example/AlgoBuilder/ab_sensor_hub.o
                0x000000000800cdd4                Accelero_Sensor_GetData
 .text.Magneto_Sensor_GetData
                0x000000000800cde4       0x10 Example/AlgoBuilder/ab_sensor_hub.o
                0x000000000800cde4                Magneto_Sensor_GetData
 .text.Pressure_Sensor_GetData
                0x000000000800cdf4        0x8 Example/AlgoBuilder/ab_sensor_hub.o
                0x000000000800cdf4                Pressure_Sensor_GetData
 .text.Temperature_Sensor_GetData
                0x000000000800cdfc        0x8 Example/AlgoBuilder/ab_sensor_hub.o
                0x000000000800cdfc                Temperature_Sensor_GetData
 .text.Humidity_Sensor_GetData
                0x000000000800ce04        0x8 Example/AlgoBuilder/ab_sensor_hub.o
                0x000000000800ce04                Humidity_Sensor_GetData
 .text.Quaternions9X_GetData
                0x000000000800ce0c       0x1c Example/AlgoBuilder/ab_sensor_hub.o
                0x000000000800ce0c                Quaternions9X_GetData
 .text.TiltSensing_GetData
                0x000000000800ce28       0x14 Example/AlgoBuilder/ab_sensor_hub.o
                0x000000000800ce28                TiltSensing_GetData
 .text.FSM_MLC_Check_ODR_FS_Change
                0x000000000800ce3c       0xdc Example/AlgoBuilder/ab_sensor_hub.o
                0x000000000800ce3c                FSM_MLC_Check_ODR_FS_Change
 .text.MotionFX_LoadMagCalFromNVM
                0x000000000800cf18        0x4 Example/AlgoBuilder/ab_sensor_hub.o
                0x000000000800cf18                MotionFX_LoadMagCalFromNVM
 .text.MotionFX_SaveMagCalInNVM
                0x000000000800cf1c        0x4 Example/AlgoBuilder/ab_sensor_hub.o
                0x000000000800cf1c                MotionFX_SaveMagCalInNVM
 .text.Reset_Handler
                0x000000000800cf20       0x50 Example/SW4STM32/startup_stm32l4r9xx.o
                0x000000000800cf20                Reset_Handler
 .text.Default_Handler
                0x000000000800cf70        0x2 Example/SW4STM32/startup_stm32l4r9xx.o
                0x000000000800cf70                RTC_Alarm_IRQHandler
                0x000000000800cf70                TIM8_TRG_COM_IRQHandler
                0x000000000800cf70                TIM8_CC_IRQHandler
                0x000000000800cf70                TSC_IRQHandler
                0x000000000800cf70                TAMP_STAMP_IRQHandler
                0x000000000800cf70                PendSV_Handler
                0x000000000800cf70                EXTI3_IRQHandler
                0x000000000800cf70                LPTIM2_IRQHandler
                0x000000000800cf70                DFSDM1_FLT1_IRQHandler
                0x000000000800cf70                GFXMMU_IRQHandler
                0x000000000800cf70                I2C3_ER_IRQHandler
                0x000000000800cf70                DFSDM1_FLT2_IRQHandler
                0x000000000800cf70                EXTI0_IRQHandler
                0x000000000800cf70                I2C2_EV_IRQHandler
                0x000000000800cf70                CAN1_RX0_IRQHandler
                0x000000000800cf70                FPU_IRQHandler
                0x000000000800cf70                TIM1_UP_TIM16_IRQHandler
                0x000000000800cf70                UsageFault_Handler
                0x000000000800cf70                LTDC_ER_IRQHandler
                0x000000000800cf70                SPI1_IRQHandler
                0x000000000800cf70                OCTOSPI1_IRQHandler
                0x000000000800cf70                TIM6_DAC_IRQHandler
                0x000000000800cf70                DCMI_IRQHandler
                0x000000000800cf70                TIM8_UP_IRQHandler
                0x000000000800cf70                OCTOSPI2_IRQHandler
                0x000000000800cf70                DMA2_Channel2_IRQHandler
                0x000000000800cf70                DMA1_Channel4_IRQHandler
                0x000000000800cf70                SAI2_IRQHandler
                0x000000000800cf70                ADC1_IRQHandler
                0x000000000800cf70                DFSDM1_FLT3_IRQHandler
                0x000000000800cf70                USART3_IRQHandler
                0x000000000800cf70                DMA1_Channel7_IRQHandler
                0x000000000800cf70                CAN1_RX1_IRQHandler
                0x000000000800cf70                UART5_IRQHandler
                0x000000000800cf70                DMA2_Channel1_IRQHandler
                0x000000000800cf70                I2C1_EV_IRQHandler
                0x000000000800cf70                DMAMUX1_OVR_IRQHandler
                0x000000000800cf70                DMA1_Channel6_IRQHandler
                0x000000000800cf70                UART4_IRQHandler
                0x000000000800cf70                DMA2_Channel4_IRQHandler
                0x000000000800cf70                RCC_IRQHandler
                0x000000000800cf70                DMA1_Channel1_IRQHandler
                0x000000000800cf70                Default_Handler
                0x000000000800cf70                DMA2_Channel7_IRQHandler
                0x000000000800cf70                EXTI15_10_IRQHandler
                0x000000000800cf70                TIM7_IRQHandler
                0x000000000800cf70                TIM5_IRQHandler
                0x000000000800cf70                I2C3_EV_IRQHandler
                0x000000000800cf70                EXTI9_5_IRQHandler
                0x000000000800cf70                RTC_WKUP_IRQHandler
                0x000000000800cf70                LTDC_IRQHandler
                0x000000000800cf70                PVD_PVM_IRQHandler
                0x000000000800cf70                SPI2_IRQHandler
                0x000000000800cf70                MemManage_Handler
                0x000000000800cf70                CAN1_TX_IRQHandler
                0x000000000800cf70                SVC_Handler
                0x000000000800cf70                DMA2_Channel5_IRQHandler
                0x000000000800cf70                CRS_IRQHandler
                0x000000000800cf70                DMA1_Channel5_IRQHandler
                0x000000000800cf70                RNG_IRQHandler
                0x000000000800cf70                TIM1_TRG_COM_TIM17_IRQHandler
                0x000000000800cf70                DMA1_Channel3_IRQHandler
                0x000000000800cf70                COMP_IRQHandler
                0x000000000800cf70                DSI_IRQHandler
                0x000000000800cf70                WWDG_IRQHandler
                0x000000000800cf70                I2C4_EV_IRQHandler
                0x000000000800cf70                LPUART1_IRQHandler
                0x000000000800cf70                DMA2_Channel6_IRQHandler
                0x000000000800cf70                TIM2_IRQHandler
                0x000000000800cf70                DMA2D_IRQHandler
                0x000000000800cf70                USART2_IRQHandler
                0x000000000800cf70                DFSDM1_FLT0_IRQHandler
                0x000000000800cf70                I2C2_ER_IRQHandler
                0x000000000800cf70                DMA1_Channel2_IRQHandler
                0x000000000800cf70                TIM8_BRK_IRQHandler
                0x000000000800cf70                CAN1_SCE_IRQHandler
                0x000000000800cf70                FLASH_IRQHandler
                0x000000000800cf70                BusFault_Handler
                0x000000000800cf70                USART1_IRQHandler
                0x000000000800cf70                SPI3_IRQHandler
                0x000000000800cf70                I2C1_ER_IRQHandler
                0x000000000800cf70                FMC_IRQHandler
                0x000000000800cf70                LPTIM1_IRQHandler
                0x000000000800cf70                I2C4_ER_IRQHandler
                0x000000000800cf70                SAI1_IRQHandler
                0x000000000800cf70                DMA2_Channel3_IRQHandler
                0x000000000800cf70                TIM1_BRK_TIM15_IRQHandler
 *fill*         0x000000000800cf72        0x2 
 .text._getpid  0x000000000800cf74        0x4 Example/SW4STM32/syscalls.o
                0x000000000800cf74                _getpid
 .text._kill    0x000000000800cf78       0x10 Example/SW4STM32/syscalls.o
                0x000000000800cf78                _kill
 .text._exit    0x000000000800cf88        0xc Example/SW4STM32/syscalls.o
                0x000000000800cf88                _exit
 .text._read    0x000000000800cf94       0x1c Example/SW4STM32/syscalls.o
                0x000000000800cf94                _read
 .text._write   0x000000000800cfb0       0x1c Example/SW4STM32/syscalls.o
                0x000000000800cfb0                _write
 .text._sbrk    0x000000000800cfcc       0x3c Example/SW4STM32/syscalls.o
                0x000000000800cfcc                _sbrk
 .text._close   0x000000000800d008        0x8 Example/SW4STM32/syscalls.o
                0x000000000800d008                _close
 .text._fstat   0x000000000800d010        0xc Example/SW4STM32/syscalls.o
                0x000000000800d010                _fstat
 .text._isatty  0x000000000800d01c        0x4 Example/SW4STM32/syscalls.o
                0x000000000800d01c                _isatty
 .text._lseek   0x000000000800d020        0x4 Example/SW4STM32/syscalls.o
                0x000000000800d020                _lseek
 .text.AB_Init  0x000000000800d024       0x9c Example/User/algo_builder.o
                0x000000000800d024                AB_Init
 .text.AB_Handler
                0x000000000800d0c0      0x668 Example/User/algo_builder.o
                0x000000000800d0c0                AB_Handler
 .text.SystemClock_Config
                0x000000000800d728       0xd8 Example/User/cube_hal_l4.o
                0x000000000800d728                SystemClock_Config
 .text.BUILD_REPLY_HEADER
                0x000000000800d800       0x10 Example/User/demo_serial.o
                0x000000000800d800                BUILD_REPLY_HEADER
 .text.INIT_STREAMING_HEADER
                0x000000000800d810       0x18 Example/User/demo_serial.o
                0x000000000800d810                INIT_STREAMING_HEADER
 .text.HandleMSG