lsm6dsox.c:269:9:LSM6DSOX_GetCapabilities	8	static
lsm6dsox.c:3194:16:ReadRegWrap	4	static
lsm6dsox.c:3209:16:WriteRegWrap	4	static
lsm6dsox.c:528:9:LSM6DSOX_ACC_SetFullScale	8	static
lsm6dsox.c:158:9:LSM6DSOX_Init	16	static
lsm6dsox.c:847:9:LSM6DSOX_GYRO_SetFullScale	8	static
lsm6dsox.c:253:9:LSM6DSOX_ReadID	8	static
lsm6dsox.c:391:9:LSM6DSOX_ACC_GetOutputDataRate	16	static
lsm6dsox.c:347:9:LSM6DSOX_ACC_GetSensitivity	16	static
lsm6dsox.c:485:9:LSM6DSOX_ACC_GetFullScale	16	static
lsm6dsox.c:553:9:LSM6DSOX_ACC_GetAxesRaw	16	static
lsm6dsox.c:710:9:LSM6DSOX_GYRO_GetOutputDataRate	16	static
lsm6dsox.c:662:9:LSM6DSOX_GYRO_GetSensitivity	16	static
lsm6dsox.c:800:9:LSM6DSOX_GYRO_GetFullScale	16	static
lsm6dsox.c:871:9:LSM6DSOX_GYRO_GetAxesRaw	16	static
lsm6dsox.c:781:9:LSM6DSOX_GYRO_SetOutputDataRate	8	static
lsm6dsox.c:292:9:LSM6DSOX_ACC_Enable	8	static
lsm6dsox.c:607:9:LSM6DSOX_GYRO_Enable	8	static
lsm6dsox.c:225:9:LSM6DSOX_DeInit	16	static
lsm6dsox.c:466:9:LSM6DSOX_ACC_SetOutputDataRate	8	static
lsm6dsox.c:316:9:LSM6DSOX_ACC_Disable	16	static
lsm6dsox.c:631:9:LSM6DSOX_GYRO_Disable	16	static
lsm6dsox.c:577:9:LSM6DSOX_ACC_GetAxes	32	static
lsm6dsox.c:895:9:LSM6DSOX_GYRO_GetAxes	32	static
lsm6dsox.c:101:9:LSM6DSOX_RegisterBusIO	24	static
lsm6dsox.c:927:9:LSM6DSOX_Read_Reg	8	static
lsm6dsox.c:944:9:LSM6DSOX_Write_Reg	16	static
lsm6dsox.c:960:9:LSM6DSOX_Set_Interrupt_Latch	8	static
lsm6dsox.c:981:9:LSM6DSOX_Set_DRDY_Mode	8	static
lsm6dsox.c:1002:9:LSM6DSOX_Set_Pin_INT1_Route	16	static
lsm6dsox.c:1018:9:LSM6DSOX_ACC_Enable_Free_Fall_Detection	24	static
lsm6dsox.c:1104:9:LSM6DSOX_ACC_Disable_Free_Fall_Detection	24	static
lsm6dsox.c:1155:9:LSM6DSOX_ACC_Set_Free_Fall_Threshold	8	static
lsm6dsox.c:1171:9:LSM6DSOX_ACC_Set_Free_Fall_Duration	8	static
lsm6dsox.c:1186:9:LSM6DSOX_ACC_Enable_Pedometer	16	static
lsm6dsox.c:1229:9:LSM6DSOX_ACC_Disable_Pedometer	16	static
lsm6dsox.c:1261:9:LSM6DSOX_ACC_Get_Step_Count	8	static
lsm6dsox.c:1276:9:LSM6DSOX_ACC_Step_Counter_Reset	8	static
lsm6dsox.c:1292:9:LSM6DSOX_ACC_Enable_Tilt_Detection	24	static
lsm6dsox.c:1360:9:LSM6DSOX_ACC_Disable_Tilt_Detection	24	static
lsm6dsox.c:1405:9:LSM6DSOX_ACC_Enable_Wake_Up_Detection	24	static
lsm6dsox.c:1479:9:LSM6DSOX_ACC_Disable_Wake_Up_Detection	24	static
lsm6dsox.c:1530:9:LSM6DSOX_ACC_Set_Wake_Up_Threshold	8	static
lsm6dsox.c:1547:9:LSM6DSOX_ACC_Set_Wake_Up_Duration	8	static
lsm6dsox.c:1564:9:LSM6DSOX_ACC_Enable_Single_Tap_Detection	24	static
lsm6dsox.c:1666:9:LSM6DSOX_ACC_Disable_Single_Tap_Detection	24	static
lsm6dsox.c:1741:9:LSM6DSOX_ACC_Enable_Double_Tap_Detection	24	static
lsm6dsox.c:1851:9:LSM6DSOX_ACC_Disable_Double_Tap_Detection	24	static
lsm6dsox.c:1938:9:LSM6DSOX_ACC_Set_Tap_Threshold	8	static
lsm6dsox.c:1955:9:LSM6DSOX_ACC_Set_Tap_Shock_Time	8	static
lsm6dsox.c:1972:9:LSM6DSOX_ACC_Set_Tap_Quiet_Time	8	static
lsm6dsox.c:1989:9:LSM6DSOX_ACC_Set_Tap_Duration_Time	8	static
lsm6dsox.c:2006:9:LSM6DSOX_ACC_Enable_6D_Orientation	24	static
lsm6dsox.c:2074:9:LSM6DSOX_ACC_Disable_6D_Orientation	24	static
lsm6dsox.c:2119:9:LSM6DSOX_ACC_Set_6D_Orientation_Threshold	8	static
lsm6dsox.c:2135:9:LSM6DSOX_ACC_Get_6D_Orientation_XL	16	static
lsm6dsox.c:2155:9:LSM6DSOX_ACC_Get_6D_Orientation_XH	16	static
lsm6dsox.c:2175:9:LSM6DSOX_ACC_Get_6D_Orientation_YL	16	static
lsm6dsox.c:2195:9:LSM6DSOX_ACC_Get_6D_Orientation_YH	16	static
lsm6dsox.c:2215:9:LSM6DSOX_ACC_Get_6D_Orientation_ZL	16	static
lsm6dsox.c:2235:9:LSM6DSOX_ACC_Get_6D_Orientation_ZH	16	static
lsm6dsox.c:2255:9:LSM6DSOX_ACC_Get_DRDY_Status	8	static
lsm6dsox.c:2271:9:LSM6DSOX_ACC_Get_Event_Status	48	static
lsm6dsox.c:2405:9:LSM6DSOX_ACC_Set_SelfTest	8	static
lsm6dsox.c:2428:9:LSM6DSOX_GYRO_Get_DRDY_Status	8	static
lsm6dsox.c:2444:9:LSM6DSOX_GYRO_Set_SelfTest	8	static
lsm6dsox.c:2468:9:LSM6DSOX_FIFO_Get_Num_Samples	8	static
lsm6dsox.c:2484:9:LSM6DSOX_FIFO_Get_Full_Status	16	static
lsm6dsox.c:2504:9:LSM6DSOX_FIFO_Set_INT1_FIFO_Full	24	static
lsm6dsox.c:2529:9:LSM6DSOX_FIFO_Set_Watermark_Level	8	static
lsm6dsox.c:2545:9:LSM6DSOX_FIFO_Set_Stop_On_Fth	8	static
lsm6dsox.c:2561:9:LSM6DSOX_FIFO_Set_Mode	8	static
lsm6dsox.c:2599:9:LSM6DSOX_FIFO_Get_Tag	16	static
lsm6dsox.c:2619:9:LSM6DSOX_FIFO_Get_Data	8	static
lsm6dsox.c:2635:9:LSM6DSOX_FIFO_ACC_Get_Axes	40	static
lsm6dsox.c:2673:9:LSM6DSOX_FIFO_ACC_Set_BDR	8	static
lsm6dsox.c:2703:9:LSM6DSOX_FIFO_GYRO_Get_Axes	40	static
lsm6dsox.c:2741:9:LSM6DSOX_FIFO_GYRO_Set_BDR	8	static
lsm6dsox.c:2882:9:LSM6DSOX_ACC_Enable_DRDY_Interrupt	16	static
lsm6dsox.c:2906:9:LSM6DSOX_GYRO_Enable_DRDY_Interrupt	16	static
lsm6dsox.c:2931:9:LSM6DSOX_ACC_Set_Power_Mode	8	static
lsm6dsox.c:2947:9:LSM6DSOX_GYRO_Set_Power_Mode	8	static
lsm6dsox.c:2964:9:LSM6DSOX_ACC_Set_Filter_Mode	16	static
lsm6dsox.c:2998:9:LSM6DSOX_GYRO_Set_Filter_Mode	16	static
lsm6dsox.c:3033:9:LSM6DSOX_ACC_Enable_Inactivity_Detection	24	static
lsm6dsox.c:3125:9:LSM6DSOX_ACC_Disable_Inactivity_Detection	24	static
lsm6dsox.c:3175:9:LSM6DSOX_ACC_Set_Sleep_Duration	8	static
